Archive member included to satisfy reference by file (symbol)

c:/st/stm32cubeide_1.9.0/stm32cubeide/plugins/com.st.stm32cube.ide.mcu.externaltools.gnu-tools-for-stm32.10.3-2021.10.win32_1.0.0.202111181127/tools/bin/../lib/gcc/arm-none-eabi/10.3.1/../../../../arm-none-eabi/lib/thumb/v7e-m+fp/hard\libc_nano.a(lib_a-errno.o)
                              ./Core/Src/syscalls.o (__errno)
c:/st/stm32cubeide_1.9.0/stm32cubeide/plugins/com.st.stm32cube.ide.mcu.externaltools.gnu-tools-for-stm32.10.3-2021.10.win32_1.0.0.202111181127/tools/bin/../lib/gcc/arm-none-eabi/10.3.1/../../../../arm-none-eabi/lib/thumb/v7e-m+fp/hard\libc_nano.a(lib_a-exit.o)
                              c:/st/stm32cubeide_1.9.0/stm32cubeide/plugins/com.st.stm32cube.ide.mcu.externaltools.gnu-tools-for-stm32.10.3-2021.10.win32_1.0.0.202111181127/tools/bin/../lib/gcc/arm-none-eabi/10.3.1/../../../../arm-none-eabi/lib/thumb/v7e-m+fp/hard/crt0.o (exit)
c:/st/stm32cubeide_1.9.0/stm32cubeide/plugins/com.st.stm32cube.ide.mcu.externaltools.gnu-tools-for-stm32.10.3-2021.10.win32_1.0.0.202111181127/tools/bin/../lib/gcc/arm-none-eabi/10.3.1/../../../../arm-none-eabi/lib/thumb/v7e-m+fp/hard\libc_nano.a(lib_a-impure.o)
                              c:/st/stm32cubeide_1.9.0/stm32cubeide/plugins/com.st.stm32cube.ide.mcu.externaltools.gnu-tools-for-stm32.10.3-2021.10.win32_1.0.0.202111181127/tools/bin/../lib/gcc/arm-none-eabi/10.3.1/../../../../arm-none-eabi/lib/thumb/v7e-m+fp/hard\libc_nano.a(lib_a-exit.o) (_global_impure_ptr)
c:/st/stm32cubeide_1.9.0/stm32cubeide/plugins/com.st.stm32cube.ide.mcu.externaltools.gnu-tools-for-stm32.10.3-2021.10.win32_1.0.0.202111181127/tools/bin/../lib/gcc/arm-none-eabi/10.3.1/../../../../arm-none-eabi/lib/thumb/v7e-m+fp/hard\libc_nano.a(lib_a-init.o)
                              c:/st/stm32cubeide_1.9.0/stm32cubeide/plugins/com.st.stm32cube.ide.mcu.externaltools.gnu-tools-for-stm32.10.3-2021.10.win32_1.0.0.202111181127/tools/bin/../lib/gcc/arm-none-eabi/10.3.1/../../../../arm-none-eabi/lib/thumb/v7e-m+fp/hard/crt0.o (__libc_init_array)
c:/st/stm32cubeide_1.9.0/stm32cubeide/plugins/com.st.stm32cube.ide.mcu.externaltools.gnu-tools-for-stm32.10.3-2021.10.win32_1.0.0.202111181127/tools/bin/../lib/gcc/arm-none-eabi/10.3.1/../../../../arm-none-eabi/lib/thumb/v7e-m+fp/hard\libc_nano.a(lib_a-memset.o)
                              c:/st/stm32cubeide_1.9.0/stm32cubeide/plugins/com.st.stm32cube.ide.mcu.externaltools.gnu-tools-for-stm32.10.3-2021.10.win32_1.0.0.202111181127/tools/bin/../lib/gcc/arm-none-eabi/10.3.1/../../../../arm-none-eabi/lib/thumb/v7e-m+fp/hard/crt0.o (memset)
c:/st/stm32cubeide_1.9.0/stm32cubeide/plugins/com.st.stm32cube.ide.mcu.externaltools.gnu-tools-for-stm32.10.3-2021.10.win32_1.0.0.202111181127/tools/bin/../lib/gcc/arm-none-eabi/10.3.1/thumb/v7e-m+fp/hard\libgcc.a(_aeabi_uldivmod.o)
                              ./Drivers/STM32F4xx_HAL_Driver/Src/stm32f4xx_hal_rcc.o (__aeabi_uldivmod)
c:/st/stm32cubeide_1.9.0/stm32cubeide/plugins/com.st.stm32cube.ide.mcu.externaltools.gnu-tools-for-stm32.10.3-2021.10.win32_1.0.0.202111181127/tools/bin/../lib/gcc/arm-none-eabi/10.3.1/thumb/v7e-m+fp/hard\libgcc.a(_udivmoddi4.o)
                              c:/st/stm32cubeide_1.9.0/stm32cubeide/plugins/com.st.stm32cube.ide.mcu.externaltools.gnu-tools-for-stm32.10.3-2021.10.win32_1.0.0.202111181127/tools/bin/../lib/gcc/arm-none-eabi/10.3.1/thumb/v7e-m+fp/hard\libgcc.a(_aeabi_uldivmod.o) (__udivmoddi4)
c:/st/stm32cubeide_1.9.0/stm32cubeide/plugins/com.st.stm32cube.ide.mcu.externaltools.gnu-tools-for-stm32.10.3-2021.10.win32_1.0.0.202111181127/tools/bin/../lib/gcc/arm-none-eabi/10.3.1/thumb/v7e-m+fp/hard\libgcc.a(_dvmd_tls.o)
                              c:/st/stm32cubeide_1.9.0/stm32cubeide/plugins/com.st.stm32cube.ide.mcu.externaltools.gnu-tools-for-stm32.10.3-2021.10.win32_1.0.0.202111181127/tools/bin/../lib/gcc/arm-none-eabi/10.3.1/thumb/v7e-m+fp/hard\libgcc.a(_aeabi_uldivmod.o) (__aeabi_ldiv0)

Discarded input sections

 .text          0x0000000000000000        0x0 c:/st/stm32cubeide_1.9.0/stm32cubeide/plugins/com.st.stm32cube.ide.mcu.externaltools.gnu-tools-for-stm32.10.3-2021.10.win32_1.0.0.202111181127/tools/bin/../lib/gcc/arm-none-eabi/10.3.1/thumb/v7e-m+fp/hard/crti.o
 .data          0x0000000000000000        0x0 c:/st/stm32cubeide_1.9.0/stm32cubeide/plugins/com.st.stm32cube.ide.mcu.externaltools.gnu-tools-for-stm32.10.3-2021.10.win32_1.0.0.202111181127/tools/bin/../lib/gcc/arm-none-eabi/10.3.1/thumb/v7e-m+fp/hard/crti.o
 .bss           0x0000000000000000        0x0 c:/st/stm32cubeide_1.9.0/stm32cubeide/plugins/com.st.stm32cube.ide.mcu.externaltools.gnu-tools-for-stm32.10.3-2021.10.win32_1.0.0.202111181127/tools/bin/../lib/gcc/arm-none-eabi/10.3.1/thumb/v7e-m+fp/hard/crti.o
[...]
Memory Configuration

Name             Origin             Length             Attributes
RAM              0x0000000020000000 0x0000000000010000 xrw
FLASH            0x0000000008000000 0x0000000000040000 xr
*default*        0x0000000000000000 0xffffffffffffffff

Linker script and memory map

LOAD c:/st/stm32cubeide_1.9.0/stm32cubeide/plugins/com.st.stm32cube.ide.mcu.externaltools.gnu-tools-for-stm32.10.3-2021.10.win32_1.0.0.202111181127/tools/bin/../lib/gcc/arm-none-eabi/10.3.1/thumb/v7e-m+fp/hard/crti.o
LOAD c:/st/stm32cubeide_1.9.0/stm32cubeide/plugins/com.st.stm32cube.ide.mcu.externaltools.gnu-tools-for-stm32.10.3-2021.10.win32_1.0.0.202111181127/tools/bin/../lib/gcc/arm-none-eabi/10.3.1/thumb/v7e-m+fp/hard/crtbegin.o
LOAD c:/st/stm32cubeide_1.9.0/stm32cubeide/plugins/com.st.stm32cube.ide.mcu.externaltools.gnu-tools-for-stm32.10.3-2021.10.win32_1.0.0.202111181127/tools/bin/../lib/gcc/arm-none-eabi/10.3.1/../../../../arm-none-eabi/lib/thumb/v7e-m+fp/hard/crt0.o
LOAD ./Core/Src/main.o
LOAD ./Core/Src/stm32f4xx_hal_msp.o
LOAD ./Core/Src/stm32f4xx_it.o
LOAD ./Core/Src/syscalls.o
LOAD ./Core/Src/sysmem.o
LOAD ./Core/Src/system_stm32f4xx.o
LOAD ./Core/Startup/startup_stm32f401ccux.o
LOAD ./Drivers/STM32F4xx_HAL_Driver/Src/stm32f4xx_hal.o
LOAD ./Drivers/STM32F4xx_HAL_Driver/Src/stm32f4xx_hal_cortex.o
LOAD ./Drivers/STM32F4xx_HAL_Driver/Src/stm32f4xx_hal_dma.o
LOAD ./Drivers/STM32F4xx_HAL_Driver/Src/stm32f4xx_hal_dma_ex.o
LOAD ./Drivers/STM32F4xx_HAL_Driver/Src/stm32f4xx_hal_exti.o
LOAD ./Drivers/STM32F4xx_HAL_Driver/Src/stm32f4xx_hal_flash.o
LOAD ./Drivers/STM32F4xx_HAL_Driver/Src/stm32f4xx_hal_flash_ex.o
LOAD ./Drivers/STM32F4xx_HAL_Driver/Src/stm32f4xx_hal_flash_ramfunc.o
LOAD ./Drivers/STM32F4xx_HAL_Driver/Src/stm32f4xx_hal_gpio.o
LOAD ./Drivers/STM32F4xx_HAL_Driver/Src/stm32f4xx_hal_pcd.o
LOAD ./Drivers/STM32F4xx_HAL_Driver/Src/stm32f4xx_hal_pcd_ex.o
LOAD ./Drivers/STM32F4xx_HAL_Driver/Src/stm32f4xx_hal_pwr.o
LOAD ./Drivers/STM32F4xx_HAL_Driver/Src/stm32f4xx_hal_pwr_ex.o
LOAD ./Drivers/STM32F4xx_HAL_Driver/Src/stm32f4xx_hal_rcc.o
LOAD ./Drivers/STM32F4xx_HAL_Driver/Src/stm32f4xx_hal_rcc_ex.o
LOAD ./Drivers/STM32F4xx_HAL_Driver/Src/stm32f4xx_hal_rtc.o
LOAD ./Drivers/STM32F4xx_HAL_Driver/Src/stm32f4xx_hal_rtc_ex.o
LOAD ./Drivers/STM32F4xx_HAL_Driver/Src/stm32f4xx_hal_spi.o
LOAD ./Drivers/STM32F4xx_HAL_Driver/Src/stm32f4xx_hal_tim.o
LOAD ./Drivers/STM32F4xx_HAL_Driver/Src/stm32f4xx_hal_tim_ex.o
LOAD ./Drivers/STM32F4xx_HAL_Driver/Src/stm32f4xx_ll_usb.o
LOAD ./Middlewares/ST/STM32_USB_Device_Library/Class/CDC/Src/usbd_cdc.o
LOAD ./Middlewares/ST/STM32_USB_Device_Library/Core/Src/usbd_core.o
LOAD ./Middlewares/ST/STM32_USB_Device_Library/Core/Src/usbd_ctlreq.o
LOAD ./Middlewares/ST/STM32_USB_Device_Library/Core/Src/usbd_ioreq.o
LOAD ./USB_DEVICE/App/usb_device.o
LOAD ./USB_DEVICE/App/usbd_cdc_if.o
LOAD ./USB_DEVICE/App/usbd_desc.o
LOAD ./USB_DEVICE/Target/usbd_conf.o
START GROUP
LOAD c:/st/stm32cubeide_1.9.0/stm32cubeide/plugins/com.st.stm32cube.ide.mcu.externaltools.gnu-tools-for-stm32.10.3-2021.10.win32_1.0.0.202111181127/tools/bin/../lib/gcc/arm-none-eabi/10.3.1/../../../../arm-none-eabi/lib/thumb/v7e-m+fp/hard\libc_nano.a
LOAD c:/st/stm32cubeide_1.9.0/stm32cubeide/plugins/com.st.stm32cube.ide.mcu.externaltools.gnu-tools-for-stm32.10.3-2021.10.win32_1.0.0.202111181127/tools/bin/../lib/gcc/arm-none-eabi/10.3.1/../../../../arm-none-eabi/lib/thumb/v7e-m+fp/hard\libm.a
END GROUP
START GROUP
LOAD c:/st/stm32cubeide_1.9.0/stm32cubeide/plugins/com.st.stm32cube.ide.mcu.externaltools.gnu-tools-for-stm32.10.3-2021.10.win32_1.0.0.202111181127/tools/bin/../lib/gcc/arm-none-eabi/10.3.1/thumb/v7e-m+fp/hard\libgcc.a
LOAD c:/st/stm32cubeide_1.9.0/stm32cubeide/plugins/com.st.stm32cube.ide.mcu.externaltools.gnu-tools-for-stm32.10.3-2021.10.win32_1.0.0.202111181127/tools/bin/../lib/gcc/arm-none-eabi/10.3.1/../../../../arm-none-eabi/lib/thumb/v7e-m+fp/hard\libc_nano.a
END GROUP
START GROUP
LOAD c:/st/stm32cubeide_1.9.0/stm32cubeide/plugins/com.st.stm32cube.ide.mcu.externaltools.gnu-tools-for-stm32.10.3-2021.10.win32_1.0.0.202111181127/tools/bin/../lib/gcc/arm-none-eabi/10.3.1/thumb/v7e-m+fp/hard\libgcc.a
LOAD c:/st/stm32cubeide_1.9.0/stm32cubeide/plugins/com.st.stm32cube.ide.mcu.externaltools.gnu-tools-for-stm32.10.3-2021.10.win32_1.0.0.202111181127/tools/bin/../lib/gcc/arm-none-eabi/10.3.1/../../../../arm-none-eabi/lib/thumb/v7e-m+fp/hard\libc_nano.a
LOAD c:/st/stm32cubeide_1.9.0/stm32cubeide/plugins/com.st.stm32cube.ide.mcu.externaltools.gnu-tools-for-stm32.10.3-2021.10.win32_1.0.0.202111181127/tools/bin/../lib/gcc/arm-none-eabi/10.3.1/../../../../arm-none-eabi/lib/thumb/v7e-m+fp/hard\libnosys.a
END GROUP
START GROUP
LOAD c:/st/stm32cubeide_1.9.0/stm32cubeide/plugins/com.st.stm32cube.ide.mcu.externaltools.gnu-tools-for-stm32.10.3-2021.10.win32_1.0.0.202111181127/tools/bin/../lib/gcc/arm-none-eabi/10.3.1/thumb/v7e-m+fp/hard\libgcc.a
LOAD c:/st/stm32cubeide_1.9.0/stm32cubeide/plugins/com.st.stm32cube.ide.mcu.externaltools.gnu-tools-for-stm32.10.3-2021.10.win32_1.0.0.202111181127/tools/bin/../lib/gcc/arm-none-eabi/10.3.1/../../../../arm-none-eabi/lib/thumb/v7e-m+fp/hard\libc_nano.a
LOAD c:/st/stm32cubeide_1.9.0/stm32cubeide/plugins/com.st.stm32cube.ide.mcu.externaltools.gnu-tools-for-stm32.10.3-2021.10.win32_1.0.0.202111181127/tools/bin/../lib/gcc/arm-none-eabi/10.3.1/../../../../arm-none-eabi/lib/thumb/v7e-m+fp/hard\libnosys.a
END GROUP
LOAD c:/st/stm32cubeide_1.9.0/stm32cubeide/plugins/com.st.stm32cube.ide.mcu.externaltools.gnu-tools-for-stm32.10.3-2021.10.win32_1.0.0.202111181127/tools/bin/../lib/gcc/arm-none-eabi/10.3.1/thumb/v7e-m+fp/hard/crtend.o
LOAD c:/st/stm32cubeide_1.9.0/stm32cubeide/plugins/com.st.stm32cube.ide.mcu.externaltools.gnu-tools-for-stm32.10.3-2021.10.win32_1.0.0.202111181127/tools/bin/../lib/gcc/arm-none-eabi/10.3.1/thumb/v7e-m+fp/hard/crtn.o
                0x0000000020010000                _estack = (ORIGIN (RAM) + LENGTH (RAM))
                0x0000000000000200                _Min_Heap_Size = 0x200
                0x0000000000000400                _Min_Stack_Size = 0x400

.isr_vector     0x0000000008000000      0x194
                0x0000000008000000                . = ALIGN (0x4)
 *(.isr_vector)
 .isr_vector    0x0000000008000000      0x194 ./Core/Startup/startup_stm32f401ccux.o
                0x0000000008000000                g_pfnVectors
                0x0000000008000194                . = ALIGN (0x4)

.text           0x0000000008000194     0x7548
                0x0000000008000194                . = ALIGN (0x4)
 *(.text)
 .text          0x0000000008000194       0x40 c:/st/stm32cubeide_1.9.0/stm32cubeide/plugins/com.st.stm32cube.ide.mcu.externaltools.gnu-tools-for-stm32.10.3-2021.10.win32_1.0.0.202111181127/tools/bin/../lib/gcc/arm-none-eabi/10.3.1/thumb/v7e-m+fp/hard/crtbegin.o
 .text          0x00000000080001d4       0x30 c:/st/stm32cubeide_1.9.0/stm32cubeide/plugins/com.st.stm32cube.ide.mcu.externaltools.gnu-tools-for-stm32.10.3-2021.10.win32_1.0.0.202111181127/tools/bin/../lib/gcc/arm-none-eabi/10.3.1/thumb/v7e-m+fp/hard\libgcc.a(_aeabi_uldivmod.o)
                0x00000000080001d4                __aeabi_uldivmod
 .text          0x0000000008000204      0x2d0 c:/st/stm32cubeide_1.9.0/stm32cubeide/plugins/com.st.stm32cube.ide.mcu.externaltools.gnu-tools-for-stm32.10.3-2021.10.win32_1.0.0.202111181127/tools/bin/../lib/gcc/arm-none-eabi/10.3.1/thumb/v7e-m+fp/hard\libgcc.a(_udivmoddi4.o)
                0x0000000008000204                __udivmoddi4
 .text          0x00000000080004d4        0x4 c:/st/stm32cubeide_1.9.0/stm32cubeide/plugins/com.st.stm32cube.ide.mcu.externaltools.gnu-tools-for-stm32.10.3-2021.10.win32_1.0.0.202111181127/tools/bin/../lib/gcc/arm-none-eabi/10.3.1/thumb/v7e-m+fp/hard\libgcc.a(_dvmd_tls.o)
                0x00000000080004d4                __aeabi_idiv0
                0x00000000080004d4                __aeabi_ldiv0
 *(.text*)
 .text.main     0x00000000080004d8      0x14c ./Core/Src/main.o
                0x00000000080004d8                main
 .text.SystemClock_Config
                0x0000000008000624       0xd8 ./Core/Src/main.o
                0x0000000008000624                SystemClock_Config
 .text.MX_RTC_Init
                0x00000000080006fc       0x4c ./Core/Src/main.o
 .text.MX_SPI1_Init
                0x0000000008000748       0x6c ./Core/Src/main.o
 .text.MX_GPIO_Init
                0x00000000080007b4      0x120 ./Core/Src/main.o
 .text.Error_Handler
                0x00000000080008d4        0xa ./Core/Src/main.o
                0x00000000080008d4                Error_Handler
 *fill*         0x00000000080008de        0x2 
 .text.HAL_MspInit
                0x00000000080008e0       0x50 ./Core/Src/stm32f4xx_hal_msp.o
                0x00000000080008e0                HAL_MspInit
 .text.HAL_RTC_MspInit
                0x0000000008000930       0x58 ./Core/Src/stm32f4xx_hal_msp.o
                0x0000000008000930                HAL_RTC_MspInit
 .text.HAL_SPI_MspInit
                0x0000000008000988       0x90 ./Core/Src/stm32f4xx_hal_msp.o
                0x0000000008000988                HAL_SPI_MspInit
 .text.NMI_Handler
                0x0000000008000a18        0x6 ./Core/Src/stm32f4xx_it.o
                0x0000000008000a18                NMI_Handler
 .text.HardFault_Handler
                0x0000000008000a1e        0x6 ./Core/Src/stm32f4xx_it.o
                0x0000000008000a1e                HardFault_Handler
 .text.MemManage_Handler
                0x0000000008000a24        0x6 ./Core/Src/stm32f4xx_it.o
                0x0000000008000a24                MemManage_Handler
 .text.BusFault_Handler
                0x0000000008000a2a        0x6 ./Core/Src/stm32f4xx_it.o
                0x0000000008000a2a                BusFault_Handler
 .text.UsageFault_Handler
                0x0000000008000a30        0x6 ./Core/Src/stm32f4xx_it.o
                0x0000000008000a30                UsageFault_Handler
 .text.SVC_Handler
                0x0000000008000a36        0xe ./Core/Src/stm32f4xx_it.o
                0x0000000008000a36                SVC_Handler
 .text.DebugMon_Handler
                0x0000000008000a44        0xe ./Core/Src/stm32f4xx_it.o
                0x0000000008000a44                DebugMon_Handler
 .text.PendSV_Handler
                0x0000000008000a52        0xe ./Core/Src/stm32f4xx_it.o
                0x0000000008000a52                PendSV_Handler
 .text.SysTick_Handler
                0x0000000008000a60        0xc ./Core/Src/stm32f4xx_it.o
                0x0000000008000a60                SysTick_Handler
 .text.OTG_FS_IRQHandler
                0x0000000008000a6c       0x14 ./Core/Src/stm32f4xx_it.o
                0x0000000008000a6c                OTG_FS_IRQHandler
 .text.SystemInit
                0x0000000008000a80       0x24 ./Core/Src/system_stm32f4xx.o
                0x0000000008000a80                SystemInit
 .text.Reset_Handler
                0x0000000008000aa4       0x50 ./Core/Startup/startup_stm32f401ccux.o
                0x0000000008000aa4                Reset_Handler
 .text.Default_Handler
                0x0000000008000af4        0x2 ./Core/Startup/startup_stm32f401ccux.o
                0x0000000008000af4                RTC_Alarm_IRQHandler
                0x0000000008000af4                EXTI2_IRQHandler
                0x0000000008000af4                SPI4_IRQHandler
                0x0000000008000af4                TIM1_CC_IRQHandler
                0x0000000008000af4                DMA2_Stream5_IRQHandler
                0x0000000008000af4                DMA1_Stream5_IRQHandler
                0x0000000008000af4                PVD_IRQHandler
                0x0000000008000af4                SDIO_IRQHandler
                0x0000000008000af4                TAMP_STAMP_IRQHandler
                0x0000000008000af4                EXTI3_IRQHandler
                0x0000000008000af4                TIM1_UP_TIM10_IRQHandler
                0x0000000008000af4                I2C3_ER_IRQHandler
                0x0000000008000af4                EXTI0_IRQHandler
                0x0000000008000af4                I2C2_EV_IRQHandler
                0x0000000008000af4                DMA1_Stream2_IRQHandler
                0x0000000008000af4                FPU_IRQHandler
                0x0000000008000af4                DMA2_Stream2_IRQHandler
                0x0000000008000af4                SPI1_IRQHandler
                0x0000000008000af4                TIM1_BRK_TIM9_IRQHandler
                0x0000000008000af4                DMA2_Stream3_IRQHandler
                0x0000000008000af4                USART6_IRQHandler
                0x0000000008000af4                DMA2_Stream0_IRQHandler
                0x0000000008000af4                TIM4_IRQHandler
                0x0000000008000af4                I2C1_EV_IRQHandler
                0x0000000008000af4                DMA1_Stream6_IRQHandler
                0x0000000008000af4                DMA1_Stream1_IRQHandler
                0x0000000008000af4                TIM3_IRQHandler
                0x0000000008000af4                RCC_IRQHandler
                0x0000000008000af4                Default_Handler
                0x0000000008000af4                EXTI15_10_IRQHandler
                0x0000000008000af4                ADC_IRQHandler
                0x0000000008000af4                DMA1_Stream7_IRQHandler
                0x0000000008000af4                TIM5_IRQHandler
                0x0000000008000af4                DMA2_Stream7_IRQHandler
                0x0000000008000af4                I2C3_EV_IRQHandler
                0x0000000008000af4                EXTI9_5_IRQHandler
                0x0000000008000af4                RTC_WKUP_IRQHandler
                0x0000000008000af4                SPI2_IRQHandler
                0x0000000008000af4                DMA1_Stream0_IRQHandler
                0x0000000008000af4                EXTI4_IRQHandler
                0x0000000008000af4                WWDG_IRQHandler
                0x0000000008000af4                TIM2_IRQHandler
                0x0000000008000af4                OTG_FS_WKUP_IRQHandler
                0x0000000008000af4                TIM1_TRG_COM_TIM11_IRQHandler
                0x0000000008000af4                EXTI1_IRQHandler
                0x0000000008000af4                USART2_IRQHandler
                0x0000000008000af4                I2C2_ER_IRQHandler
                0x0000000008000af4                DMA2_Stream1_IRQHandler
                0x0000000008000af4                FLASH_IRQHandler
                0x0000000008000af4                DMA2_Stream4_IRQHandler
                0x0000000008000af4                USART1_IRQHandler
                0x0000000008000af4                SPI3_IRQHandler
                0x0000000008000af4                DMA1_Stream4_IRQHandler
                0x0000000008000af4                I2C1_ER_IRQHandler
                0x0000000008000af4                DMA2_Stream6_IRQHandler
                0x0000000008000af4                DMA1_Stream3_IRQHandler
 *fill*         0x0000000008000af6        0x2 
 .text.HAL_Init
                0x0000000008000af8       0x44 ./Drivers/STM32F4xx_HAL_Driver/Src/stm32f4xx_hal.o
                0x0000000008000af8                HAL_Init
 .text.HAL_InitTick
                0x0000000008000b3c       0x60 ./Drivers/STM32F4xx_HAL_Driver/Src/stm32f4xx_hal.o
                0x0000000008000b3c                HAL_InitTick
 .text.HAL_IncTick
                0x0000000008000b9c       0x28 ./Drivers/STM32F4xx_HAL_Driver/Src/stm32f4xx_hal.o
                0x0000000008000b9c                HAL_IncTick
 .text.HAL_GetTick
                0x0000000008000bc4       0x18 ./Drivers/STM32F4xx_HAL_Driver/Src/stm32f4xx_hal.o
                0x0000000008000bc4                HAL_GetTick
 .text.HAL_Delay
                0x0000000008000bdc       0x48 ./Drivers/STM32F4xx_HAL_Driver/Src/stm32f4xx_hal.o
                0x0000000008000bdc                HAL_Delay
 .text.__NVIC_SetPriorityGrouping
                0x0000000008000c24       0x48 ./Drivers/STM32F4xx_HAL_Driver/Src/stm32f4xx_hal_cortex.o
 .text.__NVIC_GetPriorityGrouping
                0x0000000008000c6c       0x1c ./Drivers/STM32F4xx_HAL_Driver/Src/stm32f4xx_hal_cortex.o
 .text.__NVIC_EnableIRQ
                0x0000000008000c88       0x3c ./Drivers/STM32F4xx_HAL_Driver/Src/stm32f4xx_hal_cortex.o
 .text.__NVIC_SetPriority
                0x0000000008000cc4       0x54 ./Drivers/STM32F4xx_HAL_Driver/Src/stm32f4xx_hal_cortex.o
 .text.NVIC_EncodePriority
                0x0000000008000d18       0x66 ./Drivers/STM32F4xx_HAL_Driver/Src/stm32f4xx_hal_cortex.o
 *fill*         0x0000000008000d7e        0x2 
 .text.SysTick_Config
                0x0000000008000d80       0x44 ./Drivers/STM32F4xx_HAL_Driver/Src/stm32f4xx_hal_cortex.o
 .text.HAL_NVIC_SetPriorityGrouping
                0x0000000008000dc4       0x16 ./Drivers/STM32F4xx_HAL_Driver/Src/stm32f4xx_hal_cortex.o
                0x0000000008000dc4                HAL_NVIC_SetPriorityGrouping
 .text.HAL_NVIC_SetPriority
                0x0000000008000dda       0x38 ./Drivers/STM32F4xx_HAL_Driver/Src/stm32f4xx_hal_cortex.o
                0x0000000008000dda                HAL_NVIC_SetPriority
 .text.HAL_NVIC_EnableIRQ
                0x0000000008000e12       0x1c ./Drivers/STM32F4xx_HAL_Driver/Src/stm32f4xx_hal_cortex.o
                0x0000000008000e12                HAL_NVIC_EnableIRQ
 .text.HAL_SYSTICK_Config
                0x0000000008000e2e       0x18 ./Drivers/STM32F4xx_HAL_Driver/Src/stm32f4xx_hal_cortex.o
                0x0000000008000e2e                HAL_SYSTICK_Config
 *fill*         0x0000000008000e46        0x2 
 .text.HAL_GPIO_Init
                0x0000000008000e48      0x308 ./Drivers/STM32F4xx_HAL_Driver/Src/stm32f4xx_hal_gpio.o
                0x0000000008000e48                HAL_GPIO_Init
 .text.HAL_GPIO_ReadPin
                0x0000000008001150       0x30 ./Drivers/STM32F4xx_HAL_Driver/Src/stm32f4xx_hal_gpio.o
                0x0000000008001150                HAL_GPIO_ReadPin
 .text.HAL_GPIO_WritePin
                0x0000000008001180       0x32 ./Drivers/STM32F4xx_HAL_Driver/Src/stm32f4xx_hal_gpio.o
                0x0000000008001180                HAL_GPIO_WritePin
 .text.HAL_GPIO_TogglePin
                0x00000000080011b2       0x34 ./Drivers/STM32F4xx_HAL_Driver/Src/stm32f4xx_hal_gpio.o
                0x00000000080011b2                HAL_GPIO_TogglePin
 .text.HAL_PCD_Init
                0x00000000080011e6      0x23a ./Drivers/STM32F4xx_HAL_Driver/Src/stm32f4xx_hal_pcd.o
                0x00000000080011e6                HAL_PCD_Init
 .text.HAL_PCD_Start
                0x0000000008001420       0x66 ./Drivers/STM32F4xx_HAL_Driver/Src/stm32f4xx_hal_pcd.o
                0x0000000008001420                HAL_PCD_Start
 .text.HAL_PCD_IRQHandler
                0x0000000008001486      0x93e ./Drivers/STM32F4xx_HAL_Driver/Src/stm32f4xx_hal_pcd.o
                0x0000000008001486                HAL_PCD_IRQHandler
 .text.HAL_PCD_SetAddress
                0x0000000008001dc4       0x4a ./Drivers/STM32F4xx_HAL_Driver/Src/stm32f4xx_hal_pcd.o
                0x0000000008001dc4                HAL_PCD_SetAddress
 .text.HAL_PCD_EP_Open
                0x0000000008001e0e       0xd0 ./Drivers/STM32F4xx_HAL_Driver/Src/stm32f4xx_hal_pcd.o
                0x0000000008001e0e                HAL_PCD_EP_Open
 .text.HAL_PCD_EP_Close
                0x0000000008001ede       0x94 ./Drivers/STM32F4xx_HAL_Driver/Src/stm32f4xx_hal_pcd.o
                0x0000000008001ede                HAL_PCD_EP_Close
 .text.HAL_PCD_EP_Receive
                0x0000000008001f72       0x96 ./Drivers/STM32F4xx_HAL_Driver/Src/stm32f4xx_hal_pcd.o
                0x0000000008001f72                HAL_PCD_EP_Receive
 .text.HAL_PCD_EP_GetRxCount
                0x0000000008002008       0x30 ./Drivers/STM32F4xx_HAL_Driver/Src/stm32f4xx_hal_pcd.o
                0x0000000008002008                HAL_PCD_EP_GetRxCount
 .text.HAL_PCD_EP_Transmit
                0x0000000008002038       0x94 ./Drivers/STM32F4xx_HAL_Driver/Src/stm32f4xx_hal_pcd.o
                0x0000000008002038                HAL_PCD_EP_Transmit
 .text.HAL_PCD_EP_SetStall
                0x00000000080020cc       0xc8 ./Drivers/STM32F4xx_HAL_Driver/Src/stm32f4xx_hal_pcd.o
                0x00000000080020cc                HAL_PCD_EP_SetStall
 .text.HAL_PCD_EP_ClrStall
                0x0000000008002194       0xac ./Drivers/STM32F4xx_HAL_Driver/Src/stm32f4xx_hal_pcd.o
                0x0000000008002194                HAL_PCD_EP_ClrStall
 .text.HAL_PCD_EP_Abort
                0x0000000008002240       0x62 ./Drivers/STM32F4xx_HAL_Driver/Src/stm32f4xx_hal_pcd.o
                0x0000000008002240                HAL_PCD_EP_Abort
 .text.PCD_WriteEmptyTxFifo
                0x00000000080022a2      0x11a ./Drivers/STM32F4xx_HAL_Driver/Src/stm32f4xx_hal_pcd.o
 .text.PCD_EP_OutXfrComplete_int
                0x00000000080023bc      0x1d0 ./Drivers/STM32F4xx_HAL_Driver/Src/stm32f4xx_hal_pcd.o
 .text.PCD_EP_OutSetupPacket_int
                0x000000000800258c       0x8c ./Drivers/STM32F4xx_HAL_Driver/Src/stm32f4xx_hal_pcd.o
 .text.HAL_PCDEx_SetTxFiFo
                0x0000000008002618       0x8e ./Drivers/STM32F4xx_HAL_Driver/Src/stm32f4xx_hal_pcd_ex.o
                0x0000000008002618                HAL_PCDEx_SetTxFiFo
 .text.HAL_PCDEx_SetRxFiFo
                0x00000000080026a6       0x22 ./Drivers/STM32F4xx_HAL_Driver/Src/stm32f4xx_hal_pcd_ex.o
                0x00000000080026a6                HAL_PCDEx_SetRxFiFo
 .text.HAL_PCDEx_LPM_Callback
                0x00000000080026c8       0x18 ./Drivers/STM32F4xx_HAL_Driver/Src/stm32f4xx_hal_pcd_ex.o
                0x00000000080026c8                HAL_PCDEx_LPM_Callback
 .text.HAL_RCC_OscConfig
                0x00000000080026e0      0x4f0 ./Drivers/STM32F4xx_HAL_Driver/Src/stm32f4xx_hal_rcc.o
                0x00000000080026e0                HAL_RCC_OscConfig
 .text.HAL_RCC_ClockConfig
                0x0000000008002bd0      0x1cc ./Drivers/STM32F4xx_HAL_Driver/Src/stm32f4xx_hal_rcc.o
                0x0000000008002bd0                HAL_RCC_ClockConfig
 .text.HAL_RCC_GetSysClockFreq
                0x0000000008002d9c      0x18c ./Drivers/STM32F4xx_HAL_Driver/Src/stm32f4xx_hal_rcc.o
                0x0000000008002d9c                HAL_RCC_GetSysClockFreq
 .text.HAL_RCC_GetHCLKFreq
                0x0000000008002f28       0x18 ./Drivers/STM32F4xx_HAL_Driver/Src/stm32f4xx_hal_rcc.o
                0x0000000008002f28                HAL_RCC_GetHCLKFreq
 .text.HAL_RCCEx_PeriphCLKConfig
                0x0000000008002f40      0x1dc ./Drivers/STM32F4xx_HAL_Driver/Src/stm32f4xx_hal_rcc_ex.o
                0x0000000008002f40                HAL_RCCEx_PeriphCLKConfig
 .text.HAL_RTC_Init
                0x000000000800311c       0xec ./Drivers/STM32F4xx_HAL_Driver/Src/stm32f4xx_hal_rtc.o
                0x000000000800311c                HAL_RTC_Init
 .text.HAL_RTC_WaitForSynchro
                0x0000000008003208       0x50 ./Drivers/STM32F4xx_HAL_Driver/Src/stm32f4xx_hal_rtc.o
                0x0000000008003208                HAL_RTC_WaitForSynchro
 .text.RTC_EnterInitMode
                0x0000000008003258       0x6e ./Drivers/STM32F4xx_HAL_Driver/Src/stm32f4xx_hal_rtc.o
                0x0000000008003258                RTC_EnterInitMode
 .text.RTC_ExitInitMode
                0x00000000080032c6       0x4a ./Drivers/STM32F4xx_HAL_Driver/Src/stm32f4xx_hal_rtc.o
                0x00000000080032c6                RTC_ExitInitMode
 .text.HAL_SPI_Init
                0x0000000008003310      0x112 ./Drivers/STM32F4xx_HAL_Driver/Src/stm32f4xx_hal_spi.o
                0x0000000008003310                HAL_SPI_Init
 .text.USB_CoreInit
                0x0000000008003422       0xc2 ./Drivers/STM32F4xx_HAL_Driver/Src/stm32f4xx_ll_usb.o
                0x0000000008003422                USB_CoreInit
 .text.USB_SetTurnaroundTime
                0x00000000080034e4      0x144 ./Drivers/STM32F4xx_HAL_Driver/Src/stm32f4xx_ll_usb.o
                0x00000000080034e4                USB_SetTurnaroundTime
 .text.USB_EnableGlobalInt
                0x0000000008003628       0x22 ./Drivers/STM32F4xx_HAL_Driver/Src/stm32f4xx_ll_usb.o
                0x0000000008003628                USB_EnableGlobalInt
 .text.USB_DisableGlobalInt
                0x000000000800364a       0x22 ./Drivers/STM32F4xx_HAL_Driver/Src/stm32f4xx_ll_usb.o
                0x000000000800364a                USB_DisableGlobalInt
 .text.USB_SetCurrentMode
                0x000000000800366c       0x98 ./Drivers/STM32F4xx_HAL_Driver/Src/stm32f4xx_ll_usb.o
                0x000000000800366c                USB_SetCurrentMode
 .text.USB_DevInit
                0x0000000008003704      0x2c8 ./Drivers/STM32F4xx_HAL_Driver/Src/stm32f4xx_ll_usb.o
                0x0000000008003704                USB_DevInit
 .text.USB_FlushTxFifo
                0x00000000080039cc       0x68 ./Drivers/STM32F4xx_HAL_Driver/Src/stm32f4xx_ll_usb.o
                0x00000000080039cc                USB_FlushTxFifo
 .text.USB_FlushRxFifo
                0x0000000008003a34       0x60 ./Drivers/STM32F4xx_HAL_Driver/Src/stm32f4xx_ll_usb.o
                0x0000000008003a34                USB_FlushRxFifo
 .text.USB_SetDevSpeed
                0x0000000008003a94       0x32 ./Drivers/STM32F4xx_HAL_Driver/Src/stm32f4xx_ll_usb.o
                0x0000000008003a94                USB_SetDevSpeed
 .text.USB_GetDevSpeed
                0x0000000008003ac6       0x4a ./Drivers/STM32F4xx_HAL_Driver/Src/stm32f4xx_ll_usb.o
                0x0000000008003ac6                USB_GetDevSpeed
 .text.USB_ActivateEndpoint
                0x0000000008003b10      0x10e ./Drivers/STM32F4xx_HAL_Driver/Src/stm32f4xx_ll_usb.o
                0x0000000008003b10                USB_ActivateEndpoint
 *fill*         0x0000000008003c1e        0x2 
 .text.USB_DeactivateEndpoint
                0x0000000008003c20      0x1b8 ./Drivers/STM32F4xx_HAL_Driver/Src/stm32f4xx_ll_usb.o
                0x0000000008003c20                USB_DeactivateEndpoint
 .text.USB_EPStartXfer
                0x0000000008003dd8      0x490 ./Drivers/STM32F4xx_HAL_Driver/Src/stm32f4xx_ll_usb.o
                0x0000000008003dd8                USB_EPStartXfer
 .text.USB_EP0StartXfer
                0x0000000008004268      0x2b0 ./Drivers/STM32F4xx_HAL_Driver/Src/stm32f4xx_ll_usb.o
                0x0000000008004268                USB_EP0StartXfer
 .text.USB_EPStopXfer
                0x0000000008004518      0x154 ./Drivers/STM32F4xx_HAL_Driver/Src/stm32f4xx_ll_usb.o
                0x0000000008004518                USB_EPStopXfer
 .text.USB_WritePacket
                0x000000000800466c       0x7c ./Drivers/STM32F4xx_HAL_Driver/Src/stm32f4xx_ll_usb.o
                0x000000000800466c                USB_WritePacket
 .text.USB_ReadPacket
                0x00000000080046e8       0xb0 ./Drivers/STM32F4xx_HAL_Driver/Src/stm32f4xx_ll_usb.o
                0x00000000080046e8                USB_ReadPacket
 .text.USB_EPSetStall
                0x0000000008004798       0xdc ./Drivers/STM32F4xx_HAL_Driver/Src/stm32f4xx_ll_usb.o
                0x0000000008004798                USB_EPSetStall
 .text.USB_EPClearStall
                0x0000000008004874       0xcc ./Drivers/STM32F4xx_HAL_Driver/Src/stm32f4xx_ll_usb.o
                0x0000000008004874                USB_EPClearStall
 .text.USB_SetDevAddress
                0x0000000008004940       0x4c ./Drivers/STM32F4xx_HAL_Driver/Src/stm32f4xx_ll_usb.o
                0x0000000008004940                USB_SetDevAddress
 .text.USB_DevConnect
                0x000000000800498c       0x42 ./Drivers/STM32F4xx_HAL_Driver/Src/stm32f4xx_ll_usb.o
                0x000000000800498c                USB_DevConnect
 .text.USB_DevDisconnect
                0x00000000080049ce       0x42 ./Drivers/STM32F4xx_HAL_Driver/Src/stm32f4xx_ll_usb.o
                0x00000000080049ce                USB_DevDisconnect
 .text.USB_ReadInterrupts
                0x0000000008004a10       0x26 ./Drivers/STM32F4xx_HAL_Driver/Src/stm32f4xx_ll_usb.o
                0x0000000008004a10                USB_ReadInterrupts
 .text.USB_ReadDevAllOutEpInterrupt
                0x0000000008004a36       0x34 ./Drivers/STM32F4xx_HAL_Driver/Src/stm32f4xx_ll_usb.o
                0x0000000008004a36                USB_ReadDevAllOutEpInterrupt
 .text.USB_ReadDevAllInEpInterrupt
                0x0000000008004a6a       0x34 ./Drivers/STM32F4xx_HAL_Driver/Src/stm32f4xx_ll_usb.o
                0x0000000008004a6a                USB_ReadDevAllInEpInterrupt
 .text.USB_ReadDevOutEPInterrupt
                0x0000000008004a9e       0x3c ./Drivers/STM32F4xx_HAL_Driver/Src/stm32f4xx_ll_usb.o
                0x0000000008004a9e                USB_ReadDevOutEPInterrupt
 .text.USB_ReadDevInEPInterrupt
                0x0000000008004ada       0x5c ./Drivers/STM32F4xx_HAL_Driver/Src/stm32f4xx_ll_usb.o
                0x0000000008004ada                USB_ReadDevInEPInterrupt
 .text.USB_GetMode
                0x0000000008004b36       0x1c ./Drivers/STM32F4xx_HAL_Driver/Src/stm32f4xx_ll_usb.o
                0x0000000008004b36                USB_GetMode
 .text.USB_ActivateSetup
                0x0000000008004b52       0x46 ./Drivers/STM32F4xx_HAL_Driver/Src/stm32f4xx_ll_usb.o
                0x0000000008004b52                USB_ActivateSetup
 .text.USB_EP0_OutStart
                0x0000000008004b98       0xbc ./Drivers/STM32F4xx_HAL_Driver/Src/stm32f4xx_ll_usb.o
                0x0000000008004b98                USB_EP0_OutStart
 .text.USB_CoreReset
                0x0000000008004c54       0x68 ./Drivers/STM32F4xx_HAL_Driver/Src/stm32f4xx_ll_usb.o
 .text.USBD_CDC_Init
                0x0000000008004cbc      0x1f0 ./Middlewares/ST/STM32_USB_Device_Library/Class/CDC/Src/usbd_cdc.o
 .text.USBD_CDC_DeInit
                0x0000000008004eac      0x104 ./Middlewares/ST/STM32_USB_Device_Library/Class/CDC/Src/usbd_cdc.o
 .text.USBD_CDC_Setup
                0x0000000008004fb0      0x1b8 ./Middlewares/ST/STM32_USB_Device_Library/Class/CDC/Src/usbd_cdc.o
 .text.USBD_CDC_DataIn
                0x0000000008005168       0xfe ./Middlewares/ST/STM32_USB_Device_Library/Class/CDC/Src/usbd_cdc.o
 .text.USBD_CDC_DataOut
                0x0000000008005266       0x70 ./Middlewares/ST/STM32_USB_Device_Library/Class/CDC/Src/usbd_cdc.o
 .text.USBD_CDC_EP0_RxReady
                0x00000000080052d6       0x76 ./Middlewares/ST/STM32_USB_Device_Library/Class/CDC/Src/usbd_cdc.o
 .text.USBD_CDC_GetFSCfgDesc
                0x000000000800534c       0x70 ./Middlewares/ST/STM32_USB_Device_Library/Class/CDC/Src/usbd_cdc.o
 .text.USBD_CDC_GetHSCfgDesc
                0x00000000080053bc       0x70 ./Middlewares/ST/STM32_USB_Device_Library/Class/CDC/Src/usbd_cdc.o
 .text.USBD_CDC_GetOtherSpeedCfgDesc
                0x000000000800542c       0x70 ./Middlewares/ST/STM32_USB_Device_Library/Class/CDC/Src/usbd_cdc.o
 .text.USBD_CDC_GetDeviceQualifierDescriptor
                0x000000000800549c       0x20 ./Middlewares/ST/STM32_USB_Device_Library/Class/CDC/Src/usbd_cdc.o
                0x000000000800549c                USBD_CDC_GetDeviceQualifierDescriptor
 .text.USBD_CDC_RegisterInterface
                0x00000000080054bc       0x34 ./Middlewares/ST/STM32_USB_Device_Library/Class/CDC/Src/usbd_cdc.o
                0x00000000080054bc                USBD_CDC_RegisterInterface
 .text.USBD_CDC_SetTxBuffer
                0x00000000080054f0       0x44 ./Middlewares/ST/STM32_USB_Device_Library/Class/CDC/Src/usbd_cdc.o
                0x00000000080054f0                USBD_CDC_SetTxBuffer
 .text.USBD_CDC_SetRxBuffer
                0x0000000008005534       0x3a ./Middlewares/ST/STM32_USB_Device_Library/Class/CDC/Src/usbd_cdc.o
                0x0000000008005534                USBD_CDC_SetRxBuffer
 *fill*         0x000000000800556e        0x2 
 .text.USBD_CDC_TransmitPacket
                0x0000000008005570       0x8c ./Middlewares/ST/STM32_USB_Device_Library/Class/CDC/Src/usbd_cdc.o
                0x0000000008005570                USBD_CDC_TransmitPacket
 .text.USBD_CDC_ReceivePacket
                0x00000000080055fc       0x6c ./Middlewares/ST/STM32_USB_Device_Library/Class/CDC/Src/usbd_cdc.o
                0x00000000080055fc                USBD_CDC_ReceivePacket
 .text.USBD_Init
                0x0000000008005668       0x60 ./Middlewares/ST/STM32_USB_Device_Library/Core/Src/usbd_core.o
                0x0000000008005668                USBD_Init
 .text.USBD_RegisterClass
                0x00000000080056c8       0x6c ./Middlewares/ST/STM32_USB_Device_Library/Core/Src/usbd_core.o
                0x00000000080056c8                USBD_RegisterClass
 .text.USBD_Start
                0x0000000008005734       0x18 ./Middlewares/ST/STM32_USB_Device_Library/Core/Src/usbd_core.o
                0x0000000008005734                USBD_Start
 .text.USBD_RunTestMode
                0x000000000800574c       0x16 ./Middlewares/ST/STM32_USB_Device_Library/Core/Src/usbd_core.o
                0x000000000800574c                USBD_RunTestMode
 .text.USBD_SetClassConfig
                0x0000000008005762       0x38 ./Middlewares/ST/STM32_USB_Device_Library/Core/Src/usbd_core.o
                0x0000000008005762                USBD_SetClassConfig
 .text.USBD_ClrClassConfig
                0x000000000800579a       0x34 ./Middlewares/ST/STM32_USB_Device_Library/Core/Src/usbd_core.o
                0x000000000800579a                USBD_ClrClassConfig
 .text.USBD_LL_SetupStage
                0x00000000080057ce       0xaa ./Middlewares/ST/STM32_USB_Device_Library/Core/Src/usbd_core.o
                0x00000000080057ce                USBD_LL_SetupStage
 .text.USBD_LL_DataOutStage
                0x0000000008005878      0x166 ./Middlewares/ST/STM32_USB_Device_Library/Core/Src/usbd_core.o
                0x0000000008005878                USBD_LL_DataOutStage
 .text.USBD_LL_DataInStage
                0x00000000080059de      0x164 ./Middlewares/ST/STM32_USB_Device_Library/Core/Src/usbd_core.o
                0x00000000080059de                USBD_LL_DataInStage
 .text.USBD_LL_Reset
                0x0000000008005b42       0xa4 ./Middlewares/ST/STM32_USB_Device_Library/Core/Src/usbd_core.o
                0x0000000008005b42                USBD_LL_Reset
 .text.USBD_LL_SetSpeed
                0x0000000008005be6       0x20 ./Middlewares/ST/STM32_USB_Device_Library/Core/Src/usbd_core.o
                0x0000000008005be6                USBD_LL_SetSpeed
 .text.USBD_LL_Suspend
                0x0000000008005c06       0x2c ./Middlewares/ST/STM32_USB_Device_Library/Core/Src/usbd_core.o
                0x0000000008005c06                USBD_LL_Suspend
 .text.USBD_LL_Resume
                0x0000000008005c32       0x30 ./Middlewares/ST/STM32_USB_Device_Library/Core/Src/usbd_core.o
                0x0000000008005c32                USBD_LL_Resume
 .text.USBD_LL_SOF
                0x0000000008005c62       0x40 ./Middlewares/ST/STM32_USB_Device_Library/Core/Src/usbd_core.o
                0x0000000008005c62                USBD_LL_SOF
 .text.USBD_LL_IsoINIncomplete
                0x0000000008005ca2       0x64 ./Middlewares/ST/STM32_USB_Device_Library/Core/Src/usbd_core.o
                0x0000000008005ca2                USBD_LL_IsoINIncomplete
 .text.USBD_LL_IsoOUTIncomplete
                0x0000000008005d06       0x64 ./Middlewares/ST/STM32_USB_Device_Library/Core/Src/usbd_core.o
                0x0000000008005d06                USBD_LL_IsoOUTIncomplete
 .text.USBD_LL_DevConnected
                0x0000000008005d6a       0x16 ./Middlewares/ST/STM32_USB_Device_Library/Core/Src/usbd_core.o
                0x0000000008005d6a                USBD_LL_DevConnected
 .text.USBD_LL_DevDisconnected
                0x0000000008005d80       0x46 ./Middlewares/ST/STM32_USB_Device_Library/Core/Src/usbd_core.o
                0x0000000008005d80                USBD_LL_DevDisconnected
 .text.USBD_CoreFindIF
                0x0000000008005dc6       0x1a ./Middlewares/ST/STM32_USB_Device_Library/Core/Src/usbd_core.o
                0x0000000008005dc6                USBD_CoreFindIF
 .text.USBD_CoreFindEP
                0x0000000008005de0       0x1a ./Middlewares/ST/STM32_USB_Device_Library/Core/Src/usbd_core.o
                0x0000000008005de0                USBD_CoreFindEP
 .text.USBD_GetEpDesc
                0x0000000008005dfa       0x74 ./Middlewares/ST/STM32_USB_Device_Library/Core/Src/usbd_core.o
                0x0000000008005dfa                USBD_GetEpDesc
 .text.USBD_GetNextDesc
                0x0000000008005e6e       0x3a ./Middlewares/ST/STM32_USB_Device_Library/Core/Src/usbd_core.o
                0x0000000008005e6e                USBD_GetNextDesc
 .text.SWAPBYTE
                0x0000000008005ea8       0x3c ./Middlewares/ST/STM32_USB_Device_Library/Core/Src/usbd_ctlreq.o
 .text.USBD_StdDevReq
                0x0000000008005ee4       0xe4 ./Middlewares/ST/STM32_USB_Device_Library/Core/Src/usbd_ctlreq.o
                0x0000000008005ee4                USBD_StdDevReq
 .text.USBD_StdItfReq
                0x0000000008005fc8       0xd8 ./Middlewares/ST/STM32_USB_Device_Library/Core/Src/usbd_ctlreq.o
                0x0000000008005fc8                USBD_StdItfReq
 .text.USBD_StdEPReq
                0x00000000080060a0      0x33a ./Middlewares/ST/STM32_USB_Device_Library/Core/Src/usbd_ctlreq.o
                0x00000000080060a0                USBD_StdEPReq
 *fill*         0x00000000080063da        0x2 
 .text.USBD_GetDescriptor
                0x00000000080063dc      0x2d4 ./Middlewares/ST/STM32_USB_Device_Library/Core/Src/usbd_ctlreq.o
 .text.USBD_SetAddress
                0x00000000080066b0       0x88 ./Middlewares/ST/STM32_USB_Device_Library/Core/Src/usbd_ctlreq.o
 .text.USBD_SetConfig
                0x0000000008006738      0x154 ./Middlewares/ST/STM32_USB_Device_Library/Core/Src/usbd_ctlreq.o
 .text.USBD_GetConfig
                0x000000000800688c       0x6c ./Middlewares/ST/STM32_USB_Device_Library/Core/Src/usbd_ctlreq.o
 .text.USBD_GetStatus
                0x00000000080068f8       0x68 ./Middlewares/ST/STM32_USB_Device_Library/Core/Src/usbd_ctlreq.o
 .text.USBD_SetFeature
                0x0000000008006960       0x52 ./Middlewares/ST/STM32_USB_Device_Library/Core/Src/usbd_ctlreq.o
 .text.USBD_ClrFeature
                0x00000000080069b2       0x44 ./Middlewares/ST/STM32_USB_Device_Library/Core/Src/usbd_ctlreq.o
 .text.USBD_ParseSetupRequest
                0x00000000080069f6       0x74 ./Middlewares/ST/STM32_USB_Device_Library/Core/Src/usbd_ctlreq.o
                0x00000000080069f6                USBD_ParseSetupRequest
 .text.USBD_CtlError
                0x0000000008006a6a       0x22 ./Middlewares/ST/STM32_USB_Device_Library/Core/Src/usbd_ctlreq.o
                0x0000000008006a6a                USBD_CtlError
 .text.USBD_GetString
                0x0000000008006a8c       0x8c ./Middlewares/ST/STM32_USB_Device_Library/Core/Src/usbd_ctlreq.o
                0x0000000008006a8c                USBD_GetString
 .text.USBD_GetLen
                0x0000000008006b18       0x34 ./Middlewares/ST/STM32_USB_Device_Library/Core/Src/usbd_ctlreq.o
 .text.USBD_CtlSendData
                0x0000000008006b4c       0x36 ./Middlewares/ST/STM32_USB_Device_Library/Core/Src/usbd_ioreq.o
                0x0000000008006b4c                USBD_CtlSendData
 .text.USBD_CtlContinueSendData
                0x0000000008006b82       0x22 ./Middlewares/ST/STM32_USB_Device_Library/Core/Src/usbd_ioreq.o
                0x0000000008006b82                USBD_CtlContinueSendData
 .text.USBD_CtlPrepareRx
                0x0000000008006ba4       0x3a ./Middlewares/ST/STM32_USB_Device_Library/Core/Src/usbd_ioreq.o
                0x0000000008006ba4                USBD_CtlPrepareRx
 .text.USBD_CtlContinueRx
                0x0000000008006bde       0x22 ./Middlewares/ST/STM32_USB_Device_Library/Core/Src/usbd_ioreq.o
                0x0000000008006bde                USBD_CtlContinueRx
 .text.USBD_CtlSendStatus
                0x0000000008006c00       0x26 ./Middlewares/ST/STM32_USB_Device_Library/Core/Src/usbd_ioreq.o
                0x0000000008006c00                USBD_CtlSendStatus
 .text.USBD_CtlReceiveStatus
                0x0000000008006c26       0x26 ./Middlewares/ST/STM32_USB_Device_Library/Core/Src/usbd_ioreq.o
                0x0000000008006c26                USBD_CtlReceiveStatus
 .text.MX_USB_DEVICE_Init
                0x0000000008006c4c       0x60 ./USB_DEVICE/App/usb_device.o
                0x0000000008006c4c                MX_USB_DEVICE_Init
 .text.CDC_Init_FS
                0x0000000008006cac       0x28 ./USB_DEVICE/App/usbd_cdc_if.o
 .text.CDC_DeInit_FS
                0x0000000008006cd4       0x10 ./USB_DEVICE/App/usbd_cdc_if.o
 .text.CDC_Control_FS
                0x0000000008006ce4       0xbc ./USB_DEVICE/App/usbd_cdc_if.o
 .text.CDC_Receive_FS
                0x0000000008006da0       0x28 ./USB_DEVICE/App/usbd_cdc_if.o
 .text.CDC_Transmit_FS
                0x0000000008006dc8       0x4c ./USB_DEVICE/App/usbd_cdc_if.o
                0x0000000008006dc8                CDC_Transmit_FS
 .text.CDC_TransmitCplt_FS
                0x0000000008006e14       0x22 ./USB_DEVICE/App/usbd_cdc_if.o
 *fill*         0x0000000008006e36        0x2 
 .text.USBD_FS_DeviceDescriptor
                0x0000000008006e38       0x24 ./USB_DEVICE/App/usbd_desc.o
                0x0000000008006e38                USBD_FS_DeviceDescriptor
 .text.USBD_FS_LangIDStrDescriptor
                0x0000000008006e5c       0x24 ./USB_DEVICE/App/usbd_desc.o
                0x0000000008006e5c                USBD_FS_LangIDStrDescriptor
 .text.USBD_FS_ProductStrDescriptor
                0x0000000008006e80       0x3c ./USB_DEVICE/App/usbd_desc.o
                0x0000000008006e80                USBD_FS_ProductStrDescriptor
 .text.USBD_FS_ManufacturerStrDescriptor
                0x0000000008006ebc       0x28 ./USB_DEVICE/App/usbd_desc.o
                0x0000000008006ebc                USBD_FS_ManufacturerStrDescriptor
 .text.USBD_FS_SerialStrDescriptor
                0x0000000008006ee4       0x24 ./USB_DEVICE/App/usbd_desc.o
                0x0000000008006ee4                USBD_FS_SerialStrDescriptor
 .text.USBD_FS_ConfigStrDescriptor
                0x0000000008006f08       0x3c ./USB_DEVICE/App/usbd_desc.o
                0x0000000008006f08                USBD_FS_ConfigStrDescriptor
 .text.USBD_FS_InterfaceStrDescriptor
                0x0000000008006f44       0x3c ./USB_DEVICE/App/usbd_desc.o
                0x0000000008006f44                USBD_FS_InterfaceStrDescriptor
 .text.Get_SerialNum
                0x0000000008006f80       0x58 ./USB_DEVICE/App/usbd_desc.o
 .text.IntToUnicode
                0x0000000008006fd8       0x7e ./USB_DEVICE/App/usbd_desc.o
 *fill*         0x0000000008007056        0x2 
 .text.HAL_PCD_MspInit
                0x0000000008007058       0xa8 ./USB_DEVICE/Target/usbd_conf.o
                0x0000000008007058                HAL_PCD_MspInit
 .text.HAL_PCD_SetupStageCallback
                0x0000000008007100       0x24 ./USB_DEVICE/Target/usbd_conf.o
                0x0000000008007100                HAL_PCD_SetupStageCallback
 .text.HAL_PCD_DataOutStageCallback
                0x0000000008007124       0x36 ./USB_DEVICE/Target/usbd_conf.o
                0x0000000008007124                HAL_PCD_DataOutStageCallback
 .text.HAL_PCD_DataInStageCallback
                0x000000000800715a       0x34 ./USB_DEVICE/Target/usbd_conf.o
                0x000000000800715a                HAL_PCD_DataInStageCallback
 .text.HAL_PCD_SOFCallback
                0x000000000800718e       0x1c ./USB_DEVICE/Target/usbd_conf.o
                0x000000000800718e                HAL_PCD_SOFCallback
 .text.HAL_PCD_ResetCallback
                0x00000000080071aa       0x3c ./USB_DEVICE/Target/usbd_conf.o
                0x00000000080071aa                HAL_PCD_ResetCallback
 *fill*         0x00000000080071e6        0x2 
 .text.HAL_PCD_SuspendCallback
                0x00000000080071e8       0x4c ./USB_DEVICE/Target/usbd_conf.o
                0x00000000080071e8                HAL_PCD_SuspendCallback
 .text.HAL_PCD_ResumeCallback
                0x0000000008007234       0x1c ./USB_DEVICE/Target/usbd_conf.o
                0x0000000008007234                HAL_PCD_ResumeCallback
 .text.HAL_PCD_ISOOUTIncompleteCallback
                0x0000000008007250       0x24 ./USB_DEVICE/Target/usbd_conf.o
                0x0000000008007250                HAL_PCD_ISOOUTIncompleteCallback
 .text.HAL_PCD_ISOINIncompleteCallback
                0x0000000008007274       0x24 ./USB_DEVICE/Target/usbd_conf.o
                0x0000000008007274                HAL_PCD_ISOINIncompleteCallback
 .text.HAL_PCD_ConnectCallback
                0x0000000008007298       0x1c ./USB_DEVICE/Target/usbd_conf.o
                0x0000000008007298                HAL_PCD_ConnectCallback
 .text.HAL_PCD_DisconnectCallback
                0x00000000080072b4       0x1c ./USB_DEVICE/Target/usbd_conf.o
                0x00000000080072b4                HAL_PCD_DisconnectCallback
 .text.USBD_LL_Init
                0x00000000080072d0       0x98 ./USB_DEVICE/Target/usbd_conf.o
                0x00000000080072d0                USBD_LL_Init
 .text.USBD_LL_Start
                0x0000000008007368       0x36 ./USB_DEVICE/Target/usbd_conf.o
                0x0000000008007368                USBD_LL_Start
 .text.USBD_LL_OpenEP
                0x000000000800739e       0x4c ./USB_DEVICE/Target/usbd_conf.o
                0x000000000800739e                USBD_LL_OpenEP
 .text.USBD_LL_CloseEP
                0x00000000080073ea       0x3e ./USB_DEVICE/Target/usbd_conf.o
                0x00000000080073ea                USBD_LL_CloseEP
 .text.USBD_LL_StallEP
                0x0000000008007428       0x3e ./USB_DEVICE/Target/usbd_conf.o
                0x0000000008007428                USBD_LL_StallEP
 .text.USBD_LL_ClearStallEP
                0x0000000008007466       0x3e ./USB_DEVICE/Target/usbd_conf.o
                0x0000000008007466                USBD_LL_ClearStallEP
 .text.USBD_LL_IsStallEP
                0x00000000080074a4       0x58 ./USB_DEVICE/Target/usbd_conf.o
                0x00000000080074a4                USBD_LL_IsStallEP
 .text.USBD_LL_SetUSBAddress
                0x00000000080074fc       0x3e ./USB_DEVICE/Target/usbd_conf.o
                0x00000000080074fc                USBD_LL_SetUSBAddress
 .text.USBD_LL_Transmit
                0x000000000800753a       0x42 ./USB_DEVICE/Target/usbd_conf.o
                0x000000000800753a                USBD_LL_Transmit
 .text.USBD_LL_PrepareReceive
                0x000000000800757c       0x42 ./USB_DEVICE/Target/usbd_conf.o
                0x000000000800757c                USBD_LL_PrepareReceive
 .text.USBD_LL_GetRxDataSize
                0x00000000080075be       0x26 ./USB_DEVICE/Target/usbd_conf.o
                0x00000000080075be                USBD_LL_GetRxDataSize
 .text.USBD_static_malloc
                0x00000000080075e4       0x1c ./USB_DEVICE/Target/usbd_conf.o
                0x00000000080075e4                USBD_static_malloc
 .text.USBD_static_free
                0x0000000008007600       0x14 ./USB_DEVICE/Target/usbd_conf.o
                0x0000000008007600                USBD_static_free
 .text.USBD_Get_USB_Status
                0x0000000008007614       0x58 ./USB_DEVICE/Target/usbd_conf.o
                0x0000000008007614                USBD_Get_USB_Status
 .text.__libc_init_array
                0x000000000800766c       0x48 c:/st/stm32cubeide_1.9.0/stm32cubeide/plugins/com.st.stm32cube.ide.mcu.externaltools.gnu-tools-for-stm32.10.3-2021.10.win32_1.0.0.202111181127/tools/bin/../lib/gcc/arm-none-eabi/10.3.1/../../../../arm-none-eabi/lib/thumb/v7e-m+fp/hard\libc_nano.a(lib_a-init.o)
                0x000000000800766c                __libc_init_array
 .text.memset   0x00000000080076b4       0x10 c:/st/stm32cubeide_1.9.0/stm32cubeide/plugins/com.st.stm32cube.ide.mcu.externaltools.gnu-tools-for-stm32.10.3-2021.10.win32_1.0.0.202111181127/tools/bin/../lib/gcc/arm-none-eabi/10.3.1/../../../../arm-none-eabi/lib/thumb/v7e-m+fp/hard\libc_nano.a(lib_a-memset.o)
                0x00000000080076b4                memset
 *(.glue_7)
 .glue_7        0x00000000080076c4        0x0 linker stubs
 *(.glue_7t)
 .glue_7t       0x00000000080076c4        0x0 linker stubs
 *(.eh_frame)
 .eh_frame      0x00000000080076c4        0x0 c:/st/stm32cubeide_1.9.0/stm32cubeide/plugins/com.st.stm32cube.ide.mcu.externaltools.gnu-tools-for-stm32.10.3-2021.10.win32_1.0.0.202111181127/tools/bin/../lib/gcc/arm-none-eabi/10.3.1/thumb/v7e-m+fp/hard/crtbegin.o
 *(.init)
 .init          0x00000000080076c4        0x4 c:/st/stm32cubeide_1.9.0/stm32cubeide/plugins/com.st.stm32cube.ide.mcu.externaltools.gnu-tools-for-stm32.10.3-2021.10.win32_1.0.0.202111181127/tools/bin/../lib/gcc/arm-none-eabi/10.3.1/thumb/v7e-m+fp/hard/crti.o
                0x00000000080076c4                _init
 .init          0x00000000080076c8        0x8 c:/st/stm32cubeide_1.9.0/stm32cubeide/plugins/com.st.stm32cube.ide.mcu.externaltools.gnu-tools-for-stm32.10.3-2021.10.win32_1.0.0.202111181127/tools/bin/../lib/gcc/arm-none-eabi/10.3.1/thumb/v7e-m+fp/hard/crtn.o
 *(.fini)
 .fini          0x00000000080076d0        0x4 c:/st/stm32cubeide_1.9.0/stm32cubeide/plugins/com.st.stm32cube.ide.mcu.externaltools.gnu-tools-for-stm32.10.3-2021.10.win32_1.0.0.202111181127/tools/bin/../lib/gcc/arm-none-eabi/10.3.1/thumb/v7e-m+fp/hard/crti.o
                0x00000000080076d0                _fini
 .fini          0x00000000080076d4        0x8 c:/st/stm32cubeide_1.9.0/stm32cubeide/plugins/com.st.stm32cube.ide.mcu.externaltools.gnu-tools-for-stm32.10.3-2021.10.win32_1.0.0.202111181127/tools/bin/../lib/gcc/arm-none-eabi/10.3.1/thumb/v7e-m+fp/hard/crtn.o
                0x00000000080076dc                . = ALIGN (0x4)
                0x00000000080076dc                _etext = .

.vfp11_veneer   0x00000000080076dc        0x0
 .vfp11_veneer  0x00000000080076dc        0x0 linker stubs

.v4_bx          0x00000000080076dc        0x0
 .v4_bx         0x00000000080076dc        0x0 linker stubs

.iplt           0x00000000080076dc        0x0
 .iplt          0x00000000080076dc        0x0 c:/st/stm32cubeide_1.9.0/stm32cubeide/plugins/com.st.stm32cube.ide.mcu.externaltools.gnu-tools-for-stm32.10.3-2021.10.win32_1.0.0.202111181127/tools/bin/../lib/gcc/arm-none-eabi/10.3.1/thumb/v7e-m+fp/hard/crtbegin.o

.rodata         0x00000000080076dc       0x60
                0x00000000080076dc                . = ALIGN (0x4)
 *(.rodata)
 .rodata        0x00000000080076dc        0x6 ./Core/Src/main.o
 *fill*         0x00000000080076e2        0x2 
 .rodata        0x00000000080076e4       0x46 ./USB_DEVICE/App/usbd_desc.o
 *(.rodata*)
 *fill*         0x000000000800772a        0x2 
 .rodata.AHBPrescTable
                0x000000000800772c       0x10 ./Core/Src/system_stm32f4xx.o
                0x000000000800772c                AHBPrescTable
                0x000000000800773c                . = ALIGN (0x4)

.ARM.extab      0x000000000800773c        0x0
                0x000000000800773c                . = ALIGN (0x4)
 *(.ARM.extab* .gnu.linkonce.armextab.*)
                0x000000000800773c                . = ALIGN (0x4)

.ARM            0x000000000800773c        0x8
                0x000000000800773c                . = ALIGN (0x4)
                0x000000000800773c                __exidx_start = .
 *(.ARM.exidx*)
 .ARM.exidx     0x000000000800773c        0x8 c:/st/stm32cubeide_1.9.0/stm32cubeide/plugins/com.st.stm32cube.ide.mcu.externaltools.gnu-tools-for-stm32.10.3-2021.10.win32_1.0.0.202111181127/tools/bin/../lib/gcc/arm-none-eabi/10.3.1/thumb/v7e-m+fp/hard\libgcc.a(_udivmoddi4.o)
                0x0000000008007744                __exidx_end = .
                0x0000000008007744                . = ALIGN (0x4)

.rel.dyn        0x0000000008007744        0x0
 .rel.iplt      0x0000000008007744        0x0 c:/st/stm32cubeide_1.9.0/stm32cubeide/plugins/com.st.stm32cube.ide.mcu.externaltools.gnu-tools-for-stm32.10.3-2021.10.win32_1.0.0.202111181127/tools/bin/../lib/gcc/arm-none-eabi/10.3.1/thumb/v7e-m+fp/hard/crtbegin.o

.preinit_array  0x0000000008007744        0x0
                0x0000000008007744                . = ALIGN (0x4)
                0x0000000008007744                PROVIDE (__preinit_array_start = .)
 *(.preinit_array*)
                0x0000000008007744                PROVIDE (__preinit_array_end = .)
                0x0000000008007744                . = ALIGN (0x4)

.init_array     0x0000000008007744        0x4
                0x0000000008007744                . = ALIGN (0x4)
                0x0000000008007744                PROVIDE (__init_array_start = .)
 *(SORT_BY_NAME(.init_array.*))
 *(.init_array*)
 .init_array    0x0000000008007744        0x4 c:/st/stm32cubeide_1.9.0/stm32cubeide/plugins/com.st.stm32cube.ide.mcu.externaltools.gnu-tools-for-stm32.10.3-2021.10.win32_1.0.0.202111181127/tools/bin/../lib/gcc/arm-none-eabi/10.3.1/thumb/v7e-m+fp/hard/crtbegin.o
                0x0000000008007748                PROVIDE (__init_array_end = .)
                0x0000000008007748                . = ALIGN (0x4)

.fini_array     0x0000000008007748        0x4
                0x0000000008007748                . = ALIGN (0x4)
                [!provide]                        PROVIDE (__fini_array_start = .)
 *(SORT_BY_NAME(.fini_array.*))
 *(.fini_array*)
 .fini_array    0x0000000008007748        0x4 c:/st/stm32cubeide_1.9.0/stm32cubeide/plugins/com.st.stm32cube.ide.mcu.externaltools.gnu-tools-for-stm32.10.3-2021.10.win32_1.0.0.202111181127/tools/bin/../lib/gcc/arm-none-eabi/10.3.1/thumb/v7e-m+fp/hard/crtbegin.o
                [!provide]                        PROVIDE (__fini_array_end = .)
                0x000000000800774c                . = ALIGN (0x4)
                0x000000000800774c                _sidata = LOADADDR (.data)

.data           0x0000000020000000       0xfc load address 0x000000000800774c
                0x0000000020000000                . = ALIGN (0x4)
                0x0000000020000000                _sdata = .
 *(.data)
 *(.data*)
 .data.SystemCoreClock
                0x0000000020000000        0x4 ./Core/Src/system_stm32f4xx.o
                0x0000000020000000                SystemCoreClock
 .data.uwTickPrio
                0x0000000020000004        0x4 ./Drivers/STM32F4xx_HAL_Driver/Src/stm32f4xx_hal.o
                0x0000000020000004                uwTickPrio
 .data.uwTickFreq
                0x0000000020000008        0x1 ./Drivers/STM32F4xx_HAL_Driver/Src/stm32f4xx_hal.o
                0x0000000020000008                uwTickFreq
 *fill*         0x0000000020000009        0x3 
 .data.USBD_CDC_DeviceQualifierDesc
                0x000000002000000c        0xa ./Middlewares/ST/STM32_USB_Device_Library/Class/CDC/Src/usbd_cdc.o
 *fill*         0x0000000020000016        0x2 
 .data.USBD_CDC
                0x0000000020000018       0x38 ./Middlewares/ST/STM32_USB_Device_Library/Class/CDC/Src/usbd_cdc.o
                0x0000000020000018                USBD_CDC
 .data.USBD_CDC_CfgDesc
                0x0000000020000050       0x43 ./Middlewares/ST/STM32_USB_Device_Library/Class/CDC/Src/usbd_cdc.o
 .data.CDCInEpAdd
                0x0000000020000093        0x1 ./Middlewares/ST/STM32_USB_Device_Library/Class/CDC/Src/usbd_cdc.o
 .data.CDCOutEpAdd
                0x0000000020000094        0x1 ./Middlewares/ST/STM32_USB_Device_Library/Class/CDC/Src/usbd_cdc.o
 .data.CDCCmdEpAdd
                0x0000000020000095        0x1 ./Middlewares/ST/STM32_USB_Device_Library/Class/CDC/Src/usbd_cdc.o
 *fill*         0x0000000020000096        0x2 
 .data.USBD_Interface_fops_FS
                0x0000000020000098       0x14 ./USB_DEVICE/App/usbd_cdc_if.o
                0x0000000020000098                USBD_Interface_fops_FS
 .data.FS_Desc  0x00000000200000ac       0x1c ./USB_DEVICE/App/usbd_desc.o
                0x00000000200000ac                FS_Desc
 .data.USBD_FS_DeviceDesc
                0x00000000200000c8       0x12 ./USB_DEVICE/App/usbd_desc.o
                0x00000000200000c8                USBD_FS_DeviceDesc
 *fill*         0x00000000200000da        0x2 
 .data.USBD_LangIDDesc
                0x00000000200000dc        0x4 ./USB_DEVICE/App/usbd_desc.o
                0x00000000200000dc                USBD_LangIDDesc
 .data.USBD_StringSerial
                0x00000000200000e0       0x1a ./USB_DEVICE/App/usbd_desc.o
                0x00000000200000e0                USBD_StringSerial
 *(.RamFunc)
 *(.RamFunc*)
                0x00000000200000fc                . = ALIGN (0x4)
 *fill*         0x00000000200000fa        0x2 
                0x00000000200000fc                _edata = .

.igot.plt       0x00000000200000fc        0x0 load address 0x0000000008007848
 .igot.plt      0x00000000200000fc        0x0 c:/st/stm32cubeide_1.9.0/stm32cubeide/plugins/com.st.stm32cube.ide.mcu.externaltools.gnu-tools-for-stm32.10.3-2021.10.win32_1.0.0.202111181127/tools/bin/../lib/gcc/arm-none-eabi/10.3.1/thumb/v7e-m+fp/hard/crtbegin.o
                0x00000000200000fc                . = ALIGN (0x4)

.bss            0x00000000200000fc     0x1478 load address 0x0000000008007848
                0x00000000200000fc                _sbss = .
                0x00000000200000fc                __bss_start__ = _sbss
 *(.bss)
 .bss           0x00000000200000fc       0x1c c:/st/stm32cubeide_1.9.0/stm32cubeide/plugins/com.st.stm32cube.ide.mcu.externaltools.gnu-tools-for-stm32.10.3-2021.10.win32_1.0.0.202111181127/tools/bin/../lib/gcc/arm-none-eabi/10.3.1/thumb/v7e-m+fp/hard/crtbegin.o
 *(.bss*)
 .bss.hrtc      0x0000000020000118       0x20 ./Core/Src/main.o
                0x0000000020000118                hrtc
 .bss.hspi1     0x0000000020000138       0x58 ./Core/Src/main.o
                0x0000000020000138                hspi1
 .bss.buttonPressed.0
                0x0000000020000190        0x4 ./Core/Src/main.o
 .bss.uwTick    0x0000000020000194        0x4 ./Drivers/STM32F4xx_HAL_Driver/Src/stm32f4xx_hal.o
                0x0000000020000194                uwTick
 .bss.cfgidx.0  0x0000000020000198        0x1 ./Middlewares/ST/STM32_USB_Device_Library/Core/Src/usbd_ctlreq.o
 *fill*         0x0000000020000199        0x3 
 .bss.hUsbDeviceFS
                0x000000002000019c      0x2dc ./USB_DEVICE/App/usb_device.o
                0x000000002000019c                hUsbDeviceFS
 .bss.UserRxBufferFS
                0x0000000020000478      0x3e8 ./USB_DEVICE/App/usbd_cdc_if.o
                0x0000000020000478                UserRxBufferFS
 .bss.UserTxBufferFS
                0x0000000020000860      0x3e8 ./USB_DEVICE/App/usbd_cdc_if.o
                0x0000000020000860                UserTxBufferFS
 .bss.USBD_StrDesc
                0x0000000020000c48      0x200 ./USB_DEVICE/App/usbd_desc.o
                0x0000000020000c48                USBD_StrDesc
 .bss.hpcd_USB_OTG_FS
                0x0000000020000e48      0x50c ./USB_DEVICE/Target/usbd_conf.o
                0x0000000020000e48                hpcd_USB_OTG_FS
 .bss.mem.0     0x0000000020001354      0x220 ./USB_DEVICE/Target/usbd_conf.o
 *(COMMON)
                0x0000000020001574                . = ALIGN (0x4)
                0x0000000020001574                _ebss = .
                0x0000000020001574                __bss_end__ = _ebss

._user_heap_stack
                0x0000000020001574      0x604 load address 0x0000000008007848
                0x0000000020001578                . = ALIGN (0x8)
 *fill*         0x0000000020001574        0x4 
                [!provide]                        PROVIDE (end = .)
                0x0000000020001578                PROVIDE (_end = .)
                0x0000000020001778                . = (. + _Min_Heap_Size)
 *fill*         0x0000000020001578      0x200 
                0x0000000020001b78                . = (. + _Min_Stack_Size)
 *fill*         0x0000000020001778      0x400 
                0x0000000020001b78                . = ALIGN (0x8)

/DISCARD/
 libc.a(*)
 libm.a(*)
 libgcc.a(*)

.ARM.attributes
                0x0000000000000000       0x30
 *(.ARM.attributes)
 .ARM.attributes
                0x0000000000000000       0x1e c:/st/stm32cubeide_1.9.0/stm32cubeide/plugins/com.st.stm32cube.ide.mcu.externaltools.gnu-tools-for-stm32.10.3-2021.10.win32_1.0.0.202111181127/tools/bin/../lib/gcc/arm-none-eabi/10.3.1/thumb/v7e-m+fp/hard/crti.o
 .ARM.attributes
                0x000000000000001e       0x34 c:/st/stm32cubeide_1.9.0/stm32cubeide/plugins/com.st.stm32cube.ide.mcu.externaltools.gnu-tools-for-stm32.10.3-2021.10.win32_1.0.0.202111181127/tools/bin/../lib/gcc/arm-none-eabi/10.3.1/thumb/v7e-m+fp/hard/crtbegin.o
 .ARM.attributes
                0x0000000000000052       0x34 ./Core/Src/main.o
 .ARM.attributes
                0x0000000000000086       0x34 ./Core/Src/stm32f4xx_hal_msp.o
 .ARM.attributes
                0x00000000000000ba       0x34 ./Core/Src/stm32f4xx_it.o
 .ARM.attributes
                0x00000000000000ee       0x34 ./Core/Src/system_stm32f4xx.o
 .ARM.attributes
                0x0000000000000122       0x21 ./Core/Startup/startup_stm32f401ccux.o
 .ARM.attributes
                0x0000000000000143       0x34 ./Drivers/STM32F4xx_HAL_Driver/Src/stm32f4xx_hal.o
 .ARM.attributes
                0x0000000000000177       0x34 ./Drivers/STM32F4xx_HAL_Driver/Src/stm32f4xx_hal_cortex.o
 .ARM.attributes
                0x00000000000001ab       0x34 ./Drivers/STM32F4xx_HAL_Driver/Src/stm32f4xx_hal_gpio.o
 .ARM.attributes
                0x00000000000001df       0x34 ./Drivers/STM32F4xx_HAL_Driver/Src/stm32f4xx_hal_pcd.o
 .ARM.attributes
                0x0000000000000213       0x34 ./Drivers/STM32F4xx_HAL_Driver/Src/stm32f4xx_hal_pcd_ex.o
 .ARM.attributes
                0x0000000000000247       0x34 ./Drivers/STM32F4xx_HAL_Driver/Src/stm32f4xx_hal_rcc.o
 .ARM.attributes
                0x000000000000027b       0x34 ./Drivers/STM32F4xx_HAL_Driver/Src/stm32f4xx_hal_rcc_ex.o
 .ARM.attributes
                0x00000000000002af       0x34 ./Drivers/STM32F4xx_HAL_Driver/Src/stm32f4xx_hal_rtc.o
 .ARM.attributes
                0x00000000000002e3       0x34 ./Drivers/STM32F4xx_HAL_Driver/Src/stm32f4xx_hal_spi.o
 .ARM.attributes
                0x0000000000000317       0x34 ./Drivers/STM32F4xx_HAL_Driver/Src/stm32f4xx_ll_usb.o
 .ARM.attributes
                0x000000000000034b       0x34 ./Middlewares/ST/STM32_USB_Device_Library/Class/CDC/Src/usbd_cdc.o
 .ARM.attributes
                0x000000000000037f       0x34 ./Middlewares/ST/STM32_USB_Device_Library/Core/Src/usbd_core.o
 .ARM.attributes
                0x00000000000003b3       0x34 ./Middlewares/ST/STM32_USB_Device_Library/Core/Src/usbd_ctlreq.o
 .ARM.attributes
                0x00000000000003e7       0x34 ./Middlewares/ST/STM32_USB_Device_Library/Core/Src/usbd_ioreq.o
 .ARM.attributes
                0x000000000000041b       0x34 ./USB_DEVICE/App/usb_device.o
 .ARM.attributes
                0x000000000000044f       0x34 ./USB_DEVICE/App/usbd_cdc_if.o
 .ARM.attributes
                0x0000000000000483       0x34 ./USB_DEVICE/App/usbd_desc.o
 .ARM.attributes
                0x00000000000004b7       0x34 ./USB_DEVICE/Target/usbd_conf.o
 .ARM.attributes
                0x00000000000004eb       0x34 c:/st/stm32cubeide_1.9.0/stm32cubeide/plugins/com.st.stm32cube.ide.mcu.externaltools.gnu-tools-for-stm32.10.3-2021.10.win32_1.0.0.202111181127/tools/bin/../lib/gcc/arm-none-eabi/10.3.1/../../../../arm-none-eabi/lib/thumb/v7e-m+fp/hard\libc_nano.a(lib_a-init.o)
 .ARM.attributes
                0x000000000000051f       0x34 c:/st/stm32cubeide_1.9.0/stm32cubeide/plugins/com.st.stm32cube.ide.mcu.externaltools.gnu-tools-for-stm32.10.3-2021.10.win32_1.0.0.202111181127/tools/bin/../lib/gcc/arm-none-eabi/10.3.1/../../../../arm-none-eabi/lib/thumb/v7e-m+fp/hard\libc_nano.a(lib_a-memset.o)
 .ARM.attributes
                0x0000000000000553       0x1e c:/st/stm32cubeide_1.9.0/stm32cubeide/plugins/com.st.stm32cube.ide.mcu.externaltools.gnu-tools-for-stm32.10.3-2021.10.win32_1.0.0.202111181127/tools/bin/../lib/gcc/arm-none-eabi/10.3.1/thumb/v7e-m+fp/hard\libgcc.a(_aeabi_uldivmod.o)
 .ARM.attributes
                0x0000000000000571       0x34 c:/st/stm32cubeide_1.9.0/stm32cubeide/plugins/com.st.stm32cube.ide.mcu.externaltools.gnu-tools-for-stm32.10.3-2021.10.win32_1.0.0.202111181127/tools/bin/../lib/gcc/arm-none-eabi/10.3.1/thumb/v7e-m+fp/hard\libgcc.a(_udivmoddi4.o)
 .ARM.attributes
                0x00000000000005a5       0x1e c:/st/stm32cubeide_1.9.0/stm32cubeide/plugins/com.st.stm32cube.ide.mcu.externaltools.gnu-tools-for-stm32.10.3-2021.10.win32_1.0.0.202111181127/tools/bin/../lib/gcc/arm-none-eabi/10.3.1/thumb/v7e-m+fp/hard\libgcc.a(_dvmd_tls.o)
 .ARM.attributes
                0x00000000000005c3       0x1e c:/st/stm32cubeide_1.9.0/stm32cubeide/plugins/com.st.stm32cube.ide.mcu.externaltools.gnu-tools-for-stm32.10.3-2021.10.win32_1.0.0.202111181127/tools/bin/../lib/gcc/arm-none-eabi/10.3.1/thumb/v7e-m+fp/hard/crtn.o
OUTPUT(J2534_Adapter_401.elf elf32-littlearm)
LOAD linker stubs
LOAD c:/st/stm32cubeide_1.9.0/stm32cubeide/plugins/com.st.stm32cube.ide.mcu.externaltools.gnu-tools-for-stm32.10.3-2021.10.win32_1.0.0.202111181127/tools/bin/../lib/gcc/arm-none-eabi/10.3.1/../../../../arm-none-eabi/lib/thumb/v7e-m+fp/hard\libc.a
LOAD c:/st/stm32cubeide_1.9.0/stm32cubeide/plugins/com.st.stm32cube.ide.mcu.externaltools.gnu-tools-for-stm32.10.3-2021.10.win32_1.0.0.202111181127/tools/bin/../lib/gcc/arm-none-eabi/10.3.1/../../../../arm-none-eabi/lib/thumb/v7e-m+fp/hard\libm.a
LOAD c:/st/stm32cubeide_1.9.0/stm32cubeide/plugins/com.st.stm32cube.ide.mcu.externaltools.gnu-tools-for-stm32.10.3-2021.10.win32_1.0.0.202111181127/tools/bin/../lib/gcc/arm-none-eabi/10.3.1/thumb/v7e-m+fp/hard\libgcc.a

.debug_info     0x0000000000000000    0x11cab
 .debug_info    0x0000000000000000     0x114c ./Core/Src/main.o
 .debug_info    0x000000000000114c      0xe69 ./Core/Src/stm32f4xx_hal_msp.o
 .debug_info    0x0000000000001fb5      0x650 ./Core/Src/stm32f4xx_it.o
 .debug_info    0x0000000000002605      0x54f ./Core/Src/system_stm32f4xx.o
 .debug_info    0x0000000000002b54       0x22 ./Core/Startup/startup_stm32f401ccux.o
 .debug_info    0x0000000000002b76      0x906 ./Drivers/STM32F4xx_HAL_Driver/Src/stm32f4xx_hal.o
 .debug_info    0x000000000000347c      0xd85 ./Drivers/STM32F4xx_HAL_Driver/Src/stm32f4xx_hal_cortex.o
 .debug_info    0x0000000000004201      0x78e ./Drivers/STM32F4xx_HAL_Driver/Src/stm32f4xx_hal_gpio.o
 .debug_info    0x000000000000498f     0x168d ./Drivers/STM32F4xx_HAL_Driver/Src/stm32f4xx_hal_pcd.o
 .debug_info    0x000000000000601c      0x717 ./Drivers/STM32F4xx_HAL_Driver/Src/stm32f4xx_hal_pcd_ex.o
 .debug_info    0x0000000000006733      0x98c ./Drivers/STM32F4xx_HAL_Driver/Src/stm32f4xx_hal_rcc.o
 .debug_info    0x00000000000070bf      0x5a3 ./Drivers/STM32F4xx_HAL_Driver/Src/stm32f4xx_hal_rcc_ex.o
 .debug_info    0x0000000000007662      0xcf0 ./Drivers/STM32F4xx_HAL_Driver/Src/stm32f4xx_hal_rtc.o
 .debug_info    0x0000000000008352     0x1750 ./Drivers/STM32F4xx_HAL_Driver/Src/stm32f4xx_hal_spi.o
 .debug_info    0x0000000000009aa2     0x1a97 ./Drivers/STM32F4xx_HAL_Driver/Src/stm32f4xx_ll_usb.o
 .debug_info    0x000000000000b539     0x130c ./Middlewares/ST/STM32_USB_Device_Library/Class/CDC/Src/usbd_cdc.o
 .debug_info    0x000000000000c845      0xee7 ./Middlewares/ST/STM32_USB_Device_Library/Core/Src/usbd_core.o
 .debug_info    0x000000000000d72c      0xb7f ./Middlewares/ST/STM32_USB_Device_Library/Core/Src/usbd_ctlreq.o
 .debug_info    0x000000000000e2ab      0x7da ./Middlewares/ST/STM32_USB_Device_Library/Core/Src/usbd_ioreq.o
 .debug_info    0x000000000000ea85      0x76a ./USB_DEVICE/App/usb_device.o
 .debug_info    0x000000000000f1ef      0x96f ./USB_DEVICE/App/usbd_cdc_if.o
 .debug_info    0x000000000000fb5e      0x498 ./USB_DEVICE/App/usbd_desc.o
 .debug_info    0x000000000000fff6     0x1cb5 ./USB_DEVICE/Target/usbd_conf.o

.debug_abbrev   0x0000000000000000     0x3070
 .debug_abbrev  0x0000000000000000      0x2b6 ./Core/Src/main.o
 .debug_abbrev  0x00000000000002b6      0x1da ./Core/Src/stm32f4xx_hal_msp.o
 .debug_abbrev  0x0000000000000490      0x199 ./Core/Src/stm32f4xx_it.o
 .debug_abbrev  0x0000000000000629      0x116 ./Core/Src/system_stm32f4xx.o
 .debug_abbrev  0x000000000000073f       0x12 ./Core/Startup/startup_stm32f401ccux.o
 .debug_abbrev  0x0000000000000751      0x23e ./Drivers/STM32F4xx_HAL_Driver/Src/stm32f4xx_hal.o
 .debug_abbrev  0x000000000000098f      0x316 ./Drivers/STM32F4xx_HAL_Driver/Src/stm32f4xx_hal_cortex.o
 .debug_abbrev  0x0000000000000ca5      0x1c4 ./Drivers/STM32F4xx_HAL_Driver/Src/stm32f4xx_hal_gpio.o
 .debug_abbrev  0x0000000000000e69      0x2bb ./Drivers/STM32F4xx_HAL_Driver/Src/stm32f4xx_hal_pcd.o
 .debug_abbrev  0x0000000000001124      0x1ce ./Drivers/STM32F4xx_HAL_Driver/Src/stm32f4xx_hal_pcd_ex.o
 .debug_abbrev  0x00000000000012f2      0x2aa ./Drivers/STM32F4xx_HAL_Driver/Src/stm32f4xx_hal_rcc.o
 .debug_abbrev  0x000000000000159c      0x1a8 ./Drivers/STM32F4xx_HAL_Driver/Src/stm32f4xx_hal_rcc_ex.o
 .debug_abbrev  0x0000000000001744      0x202 ./Drivers/STM32F4xx_HAL_Driver/Src/stm32f4xx_hal_rtc.o
 .debug_abbrev  0x0000000000001946      0x26e ./Drivers/STM32F4xx_HAL_Driver/Src/stm32f4xx_hal_spi.o
 .debug_abbrev  0x0000000000001bb4      0x296 ./Drivers/STM32F4xx_HAL_Driver/Src/stm32f4xx_ll_usb.o
 .debug_abbrev  0x0000000000001e4a      0x2be ./Middlewares/ST/STM32_USB_Device_Library/Class/CDC/Src/usbd_cdc.o
 .debug_abbrev  0x0000000000002108      0x263 ./Middlewares/ST/STM32_USB_Device_Library/Core/Src/usbd_core.o
 .debug_abbrev  0x000000000000236b      0x25c ./Middlewares/ST/STM32_USB_Device_Library/Core/Src/usbd_ctlreq.o
 .debug_abbrev  0x00000000000025c7      0x18a ./Middlewares/ST/STM32_USB_Device_Library/Core/Src/usbd_ioreq.o
 .debug_abbrev  0x0000000000002751      0x18a ./USB_DEVICE/App/usb_device.o
 .debug_abbrev  0x00000000000028db      0x290 ./USB_DEVICE/App/usbd_cdc_if.o
 .debug_abbrev  0x0000000000002b6b      0x1da ./USB_DEVICE/App/usbd_desc.o
 .debug_abbrev  0x0000000000002d45      0x32b ./USB_DEVICE/Target/usbd_conf.o

.debug_aranges  0x0000000000000000      0xe68
 .debug_aranges
                0x0000000000000000       0x48 ./Core/Src/main.o
 .debug_aranges
                0x0000000000000048       0x40 ./Core/Src/stm32f4xx_hal_msp.o
 .debug_aranges
                0x0000000000000088       0x68 ./Core/Src/stm32f4xx_it.o
 .debug_aranges
                0x00000000000000f0       0x28 ./Core/Src/system_stm32f4xx.o
 .debug_aranges
                0x0000000000000118       0x28 ./Core/Startup/startup_stm32f401ccux.o
 .debug_aranges
                0x0000000000000140       0xf0 ./Drivers/STM32F4xx_HAL_Driver/Src/stm32f4xx_hal.o
 .debug_aranges
                0x0000000000000230      0x118 ./Drivers/STM32F4xx_HAL_Driver/Src/stm32f4xx_hal_cortex.o
 .debug_aranges
                0x0000000000000348       0x58 ./Drivers/STM32F4xx_HAL_Driver/Src/stm32f4xx_hal_gpio.o
 .debug_aranges
                0x00000000000003a0      0x148 ./Drivers/STM32F4xx_HAL_Driver/Src/stm32f4xx_hal_pcd.o
 .debug_aranges
                0x00000000000004e8       0x38 ./Drivers/STM32F4xx_HAL_Driver/Src/stm32f4xx_hal_pcd_ex.o
 .debug_aranges
                0x0000000000000520       0x88 ./Drivers/STM32F4xx_HAL_Driver/Src/stm32f4xx_hal_rcc.o
 .debug_aranges
                0x00000000000005a8       0x48 ./Drivers/STM32F4xx_HAL_Driver/Src/stm32f4xx_hal_rcc_ex.o
 .debug_aranges
                0x00000000000005f0       0xe8 ./Drivers/STM32F4xx_HAL_Driver/Src/stm32f4xx_hal_rtc.o
 .debug_aranges
                0x00000000000006d8      0x1d0 ./Drivers/STM32F4xx_HAL_Driver/Src/stm32f4xx_hal_spi.o
 .debug_aranges
                0x00000000000008a8      0x1a0 ./Drivers/STM32F4xx_HAL_Driver/Src/stm32f4xx_ll_usb.o
 .debug_aranges
                0x0000000000000a48       0x90 ./Middlewares/ST/STM32_USB_Device_Library/Class/CDC/Src/usbd_cdc.o
 .debug_aranges
                0x0000000000000ad8       0xd8 ./Middlewares/ST/STM32_USB_Device_Library/Core/Src/usbd_core.o
 .debug_aranges
                0x0000000000000bb0       0x90 ./Middlewares/ST/STM32_USB_Device_Library/Core/Src/usbd_ctlreq.o
 .debug_aranges
                0x0000000000000c40       0x50 ./Middlewares/ST/STM32_USB_Device_Library/Core/Src/usbd_ioreq.o
 .debug_aranges
                0x0000000000000c90       0x20 ./USB_DEVICE/App/usb_device.o
 .debug_aranges
                0x0000000000000cb0       0x48 ./USB_DEVICE/App/usbd_cdc_if.o
 .debug_aranges
                0x0000000000000cf8       0x60 ./USB_DEVICE/App/usbd_desc.o
 .debug_aranges
                0x0000000000000d58      0x110 ./USB_DEVICE/Target/usbd_conf.o

.debug_ranges   0x0000000000000000      0xd00
 .debug_ranges  0x0000000000000000       0x38 ./Core/Src/main.o
 .debug_ranges  0x0000000000000038       0x30 ./Core/Src/stm32f4xx_hal_msp.o
 .debug_ranges  0x0000000000000068       0x58 ./Core/Src/stm32f4xx_it.o
 .debug_ranges  0x00000000000000c0       0x18 ./Core/Src/system_stm32f4xx.o
 .debug_ranges  0x00000000000000d8       0x20 ./Core/Startup/startup_stm32f401ccux.o
 .debug_ranges  0x00000000000000f8       0xe0 ./Drivers/STM32F4xx_HAL_Driver/Src/stm32f4xx_hal.o
 .debug_ranges  0x00000000000001d8      0x108 ./Drivers/STM32F4xx_HAL_Driver/Src/stm32f4xx_hal_cortex.o
 .debug_ranges  0x00000000000002e0       0x48 ./Drivers/STM32F4xx_HAL_Driver/Src/stm32f4xx_hal_gpio.o
 .debug_ranges  0x0000000000000328      0x138 ./Drivers/STM32F4xx_HAL_Driver/Src/stm32f4xx_hal_pcd.o
 .debug_ranges  0x0000000000000460       0x28 ./Drivers/STM32F4xx_HAL_Driver/Src/stm32f4xx_hal_pcd_ex.o
 .debug_ranges  0x0000000000000488       0x78 ./Drivers/STM32F4xx_HAL_Driver/Src/stm32f4xx_hal_rcc.o
 .debug_ranges  0x0000000000000500       0x38 ./Drivers/STM32F4xx_HAL_Driver/Src/stm32f4xx_hal_rcc_ex.o
 .debug_ranges  0x0000000000000538       0xd8 ./Drivers/STM32F4xx_HAL_Driver/Src/stm32f4xx_hal_rtc.o
 .debug_ranges  0x0000000000000610      0x1c0 ./Drivers/STM32F4xx_HAL_Driver/Src/stm32f4xx_hal_spi.o
 .debug_ranges  0x00000000000007d0      0x190 ./Drivers/STM32F4xx_HAL_Driver/Src/stm32f4xx_ll_usb.o
 .debug_ranges  0x0000000000000960       0x80 ./Middlewares/ST/STM32_USB_Device_Library/Class/CDC/Src/usbd_cdc.o
 .debug_ranges  0x00000000000009e0       0xc8 ./Middlewares/ST/STM32_USB_Device_Library/Core/Src/usbd_core.o
 .debug_ranges  0x0000000000000aa8       0x80 ./Middlewares/ST/STM32_USB_Device_Library/Core/Src/usbd_ctlreq.o
 .debug_ranges  0x0000000000000b28       0x40 ./Middlewares/ST/STM32_USB_Device_Library/Core/Src/usbd_ioreq.o
 .debug_ranges  0x0000000000000b68       0x10 ./USB_DEVICE/App/usb_device.o
 .debug_ranges  0x0000000000000b78       0x38 ./USB_DEVICE/App/usbd_cdc_if.o
 .debug_ranges  0x0000000000000bb0       0x50 ./USB_DEVICE/App/usbd_desc.o
 .debug_ranges  0x0000000000000c00      0x100 ./USB_DEVICE/Target/usbd_conf.o

.debug_macro    0x0000000000000000    0x1933e
 .debug_macro   0x0000000000000000      0x3f7 ./Core/Src/main.o
 .debug_macro   0x00000000000003f7      0xa78 ./Core/Src/main.o
 .debug_macro   0x0000000000000e6f      0x2a1 ./Core/Src/main.o
 .debug_macro   0x0000000000001110       0x2e ./Core/Src/main.o
 .debug_macro   0x000000000000113e       0x28 ./Core/Src/main.o
 .debug_macro   0x0000000000001166       0x22 ./Core/Src/main.o
 .debug_macro   0x0000000000001188       0x8e ./Core/Src/main.o
 .debug_macro   0x0000000000001216       0x51 ./Core/Src/main.o
 .debug_macro   0x0000000000001267      0x103 ./Core/Src/main.o
 .debug_macro   0x000000000000136a       0x6a ./Core/Src/main.o
 .debug_macro   0x00000000000013d4      0x1df ./Core/Src/main.o
 .debug_macro   0x00000000000015b3       0x1c ./Core/Src/main.o
 .debug_macro   0x00000000000015cf       0x22 ./Core/Src/main.o
 .debug_macro   0x00000000000015f1       0xd9 ./Core/Src/main.o
 .debug_macro   0x00000000000016ca     0x102d ./Core/Src/main.o
 .debug_macro   0x00000000000026f7      0x11f ./Core/Src/main.o
 .debug_macro   0x0000000000002816     0xb86c ./Core/Src/main.o
 .debug_macro   0x000000000000e082       0x6d ./Core/Src/main.o
 .debug_macro   0x000000000000e0ef     0x367e ./Core/Src/main.o
 .debug_macro   0x000000000001176d      0x174 ./Core/Src/main.o
 .debug_macro   0x00000000000118e1       0x5c ./Core/Src/main.o
 .debug_macro   0x000000000001193d      0x416 ./Core/Src/main.o
 .debug_macro   0x0000000000011d53      0x9fe ./Core/Src/main.o
 .debug_macro   0x0000000000012751      0x115 ./Core/Src/main.o
 .debug_macro   0x0000000000012866       0xf8 ./Core/Src/main.o
 .debug_macro   0x000000000001295e       0xa5 ./Core/Src/main.o
 .debug_macro   0x0000000000012a03      0x15f ./Core/Src/main.o
 .debug_macro   0x0000000000012b62      0x287 ./Core/Src/main.o
 .debug_macro   0x0000000000012de9       0x5f ./Core/Src/main.o
 .debug_macro   0x0000000000012e48      0x236 ./Core/Src/main.o
 .debug_macro   0x000000000001307e      0x132 ./Core/Src/main.o
 .debug_macro   0x00000000000131b0      0x23a ./Core/Src/main.o
 .debug_macro   0x00000000000133ea       0x2e ./Core/Src/main.o
 .debug_macro   0x0000000000013418      0x11a ./Core/Src/main.o
 .debug_macro   0x0000000000013532       0x85 ./Core/Src/main.o
 .debug_macro   0x00000000000135b7       0x89 ./Core/Src/main.o
 .debug_macro   0x0000000000013640      0x2fe ./Core/Src/main.o
 .debug_macro   0x000000000001393e      0x430 ./Core/Src/main.o
 .debug_macro   0x0000000000013d6e       0xe4 ./Core/Src/main.o
 .debug_macro   0x0000000000013e52      0x225 ./Core/Src/main.o
 .debug_macro   0x0000000000014077      0x248 ./Core/Src/main.o
 .debug_macro   0x00000000000142bf       0xba ./Core/Src/main.o
 .debug_macro   0x0000000000014379      0x126 ./Core/Src/main.o
 .debug_macro   0x000000000001449f       0x4c ./Core/Src/main.o
 .debug_macro   0x00000000000144eb       0x52 ./Core/Src/main.o
 .debug_macro   0x000000000001453d       0x1e ./Core/Src/main.o
 .debug_macro   0x000000000001455b       0x3c ./Core/Src/main.o
 .debug_macro   0x0000000000014597       0x34 ./Core/Src/main.o
 .debug_macro   0x00000000000145cb       0x16 ./Core/Src/main.o
 .debug_macro   0x00000000000145e1       0x35 ./Core/Src/main.o
 .debug_macro   0x0000000000014616      0x341 ./Core/Src/main.o
 .debug_macro   0x0000000000014957       0x10 ./Core/Src/main.o
 .debug_macro   0x0000000000014967       0x16 ./Core/Src/main.o
 .debug_macro   0x000000000001497d       0x43 ./Core/Src/main.o
 .debug_macro   0x00000000000149c0       0x34 ./Core/Src/main.o
 .debug_macro   0x00000000000149f4       0x10 ./Core/Src/main.o
 .debug_macro   0x0000000000014a04       0x58 ./Core/Src/main.o
 .debug_macro   0x0000000000014a5c       0x71 ./Core/Src/main.o
 .debug_macro   0x0000000000014acd       0x1c ./Core/Src/main.o
 .debug_macro   0x0000000000014ae9      0x12a ./Core/Src/main.o
 .debug_macro   0x0000000000014c13       0x10 ./Core/Src/main.o
 .debug_macro   0x0000000000014c23       0x1c ./Core/Src/main.o
 .debug_macro   0x0000000000014c3f       0x52 ./Core/Src/main.o
 .debug_macro   0x0000000000014c91       0x22 ./Core/Src/main.o
 .debug_macro   0x0000000000014cb3       0x10 ./Core/Src/main.o
 .debug_macro   0x0000000000014cc3       0x52 ./Core/Src/main.o
 .debug_macro   0x0000000000014d15       0xd5 ./Core/Src/main.o
 .debug_macro   0x0000000000014dea       0x1c ./Core/Src/main.o
 .debug_macro   0x0000000000014e06       0x3d ./Core/Src/main.o
 .debug_macro   0x0000000000014e43       0x16 ./Core/Src/main.o
 .debug_macro   0x0000000000014e59      0x145 ./Core/Src/main.o
 .debug_macro   0x0000000000014f9e       0x16 ./Core/Src/main.o
 .debug_macro   0x0000000000014fb4       0x16 ./Core/Src/main.o
 .debug_macro   0x0000000000014fca       0x29 ./Core/Src/main.o
 .debug_macro   0x0000000000014ff3       0x16 ./Core/Src/main.o
 .debug_macro   0x0000000000015009       0x20 ./Core/Src/main.o
 .debug_macro   0x0000000000015029       0x65 ./Core/Src/main.o
 .debug_macro   0x000000000001508e      0x20f ./Core/Src/main.o
 .debug_macro   0x000000000001529d      0x206 ./Core/Src/stm32f4xx_hal_msp.o
 .debug_macro   0x00000000000154a3      0x210 ./Core/Src/stm32f4xx_it.o
 .debug_macro   0x00000000000156b3      0x1f7 ./Core/Src/system_stm32f4xx.o
 .debug_macro   0x00000000000158aa      0x257 ./Drivers/STM32F4xx_HAL_Driver/Src/stm32f4xx_hal.o
 .debug_macro   0x0000000000015b01      0x1f7 ./Drivers/STM32F4xx_HAL_Driver/Src/stm32f4xx_hal_cortex.o
 .debug_macro   0x0000000000015cf8      0x1fd ./Drivers/STM32F4xx_HAL_Driver/Src/stm32f4xx_hal_gpio.o
 .debug_macro   0x0000000000015ef5      0x203 ./Drivers/STM32F4xx_HAL_Driver/Src/stm32f4xx_hal_pcd.o
 .debug_macro   0x00000000000160f8      0x1f7 ./Drivers/STM32F4xx_HAL_Driver/Src/stm32f4xx_hal_pcd_ex.o
 .debug_macro   0x00000000000162ef      0x21b ./Drivers/STM32F4xx_HAL_Driver/Src/stm32f4xx_hal_rcc.o
 .debug_macro   0x000000000001650a      0x1f7 ./Drivers/STM32F4xx_HAL_Driver/Src/stm32f4xx_hal_rcc_ex.o
 .debug_macro   0x0000000000016701      0x1f8 ./Drivers/STM32F4xx_HAL_Driver/Src/stm32f4xx_hal_rtc.o
 .debug_macro   0x00000000000168f9      0x206 ./Drivers/STM32F4xx_HAL_Driver/Src/stm32f4xx_hal_spi.o
 .debug_macro   0x0000000000016aff      0x1f7 ./Drivers/STM32F4xx_HAL_Driver/Src/stm32f4xx_ll_usb.o
 .debug_macro   0x0000000000016cf6      0x41c ./Middlewares/ST/STM32_USB_Device_Library/Class/CDC/Src/usbd_cdc.o
 .debug_macro   0x0000000000017112       0x97 ./Middlewares/ST/STM32_USB_Device_Library/Class/CDC/Src/usbd_cdc.o
 .debug_macro   0x00000000000171a9       0xfd ./Middlewares/ST/STM32_USB_Device_Library/Class/CDC/Src/usbd_cdc.o
 .debug_macro   0x00000000000172a6       0x56 ./Middlewares/ST/STM32_USB_Device_Library/Class/CDC/Src/usbd_cdc.o
 .debug_macro   0x00000000000172fc       0x95 ./Middlewares/ST/STM32_USB_Device_Library/Class/CDC/Src/usbd_cdc.o
 .debug_macro   0x0000000000017391      0x403 ./Middlewares/ST/STM32_USB_Device_Library/Core/Src/usbd_core.o
 .debug_macro   0x0000000000017794      0x215 ./Middlewares/ST/STM32_USB_Device_Library/Core/Src/usbd_core.o
 .debug_macro   0x00000000000179a9      0x40d ./Middlewares/ST/STM32_USB_Device_Library/Core/Src/usbd_ctlreq.o
 .debug_macro   0x0000000000017db6      0x409 ./Middlewares/ST/STM32_USB_Device_Library/Core/Src/usbd_ioreq.o
 .debug_macro   0x00000000000181bf      0x43c ./USB_DEVICE/App/usb_device.o
 .debug_macro   0x00000000000185fb       0x52 ./USB_DEVICE/App/usb_device.o
 .debug_macro   0x000000000001864d       0x22 ./USB_DEVICE/App/usb_device.o
 .debug_macro   0x000000000001866f       0x16 ./USB_DEVICE/App/usb_device.o
 .debug_macro   0x0000000000018685      0x427 ./USB_DEVICE/App/usbd_cdc_if.o
 .debug_macro   0x0000000000018aac       0x10 ./USB_DEVICE/App/usbd_cdc_if.o
 .debug_macro   0x0000000000018abc      0x446 ./USB_DEVICE/App/usbd_desc.o
 .debug_macro   0x0000000000018f02       0x1c ./USB_DEVICE/App/usbd_desc.o
 .debug_macro   0x0000000000018f1e      0x420 ./USB_DEVICE/Target/usbd_conf.o

.debug_line     0x0000000000000000    0x12927
 .debug_line    0x0000000000000000      0xb80 ./Core/Src/main.o
 .debug_line    0x0000000000000b80      0x796 ./Core/Src/stm32f4xx_hal_msp.o
 .debug_line    0x0000000000001316      0x7d8 ./Core/Src/stm32f4xx_it.o
 .debug_line    0x0000000000001aee      0x77f ./Core/Src/system_stm32f4xx.o
 .debug_line    0x000000000000226d       0x88 ./Core/Startup/startup_stm32f401ccux.o
 .debug_line    0x00000000000022f5      0x9e5 ./Drivers/STM32F4xx_HAL_Driver/Src/stm32f4xx_hal.o
 .debug_line    0x0000000000002cda      0xc94 ./Drivers/STM32F4xx_HAL_Driver/Src/stm32f4xx_hal_cortex.o
 .debug_line    0x000000000000396e      0xb1d ./Drivers/STM32F4xx_HAL_Driver/Src/stm32f4xx_hal_gpio.o
 .debug_line    0x000000000000448b     0x1488 ./Drivers/STM32F4xx_HAL_Driver/Src/stm32f4xx_hal_pcd.o
 .debug_line    0x0000000000005913      0x7c8 ./Drivers/STM32F4xx_HAL_Driver/Src/stm32f4xx_hal_pcd_ex.o
 .debug_line    0x00000000000060db      0xd5f ./Drivers/STM32F4xx_HAL_Driver/Src/stm32f4xx_hal_rcc.o
 .debug_line    0x0000000000006e3a      0xa13 ./Drivers/STM32F4xx_HAL_Driver/Src/stm32f4xx_hal_rcc_ex.o
 .debug_line    0x000000000000784d     0x10ba ./Drivers/STM32F4xx_HAL_Driver/Src/stm32f4xx_hal_rtc.o
 .debug_line    0x0000000000008907     0x1c6f ./Drivers/STM32F4xx_HAL_Driver/Src/stm32f4xx_hal_spi.o
 .debug_line    0x000000000000a576     0x1aa2 ./Drivers/STM32F4xx_HAL_Driver/Src/stm32f4xx_ll_usb.o
 .debug_line    0x000000000000c018      0xf0f ./Middlewares/ST/STM32_USB_Device_Library/Class/CDC/Src/usbd_cdc.o
 .debug_line    0x000000000000cf27      0xf89 ./Middlewares/ST/STM32_USB_Device_Library/Core/Src/usbd_core.o
 .debug_line    0x000000000000deb0     0x115a ./Middlewares/ST/STM32_USB_Device_Library/Core/Src/usbd_ctlreq.o
 .debug_line    0x000000000000f00a      0xaa1 ./Middlewares/ST/STM32_USB_Device_Library/Core/Src/usbd_ioreq.o
 .debug_line    0x000000000000faab      0xa5d ./USB_DEVICE/App/usb_device.o
 .debug_line    0x0000000000010508      0xac0 ./USB_DEVICE/App/usbd_cdc_if.o
 .debug_line    0x0000000000010fc8      0xb26 ./USB_DEVICE/App/usbd_desc.o
 .debug_line    0x0000000000011aee      0xe39 ./USB_DEVICE/Target/usbd_conf.o

.debug_str      0x0000000000000000    0x8e0dd
 .debug_str     0x0000000000000000    0x89f7f ./Core/Src/main.o
                                      0x8a2d9 (size before relaxing)
 .debug_str     0x0000000000089f7f      0x12a ./Core/Src/stm32f4xx_hal_msp.o
                                      0x8584d (size before relaxing)
 .debug_str     0x000000000008a0a9      0x443 ./Core/Src/stm32f4xx_it.o
                                      0x853f3 (size before relaxing)
 .debug_str     0x000000000008a4ec       0xdb ./Core/Src/system_stm32f4xx.o
                                      0x84ff6 (size before relaxing)
 .debug_str     0x000000000008a5c7       0x36 ./Core/Startup/startup_stm32f401ccux.o
                                         0x6e (size before relaxing)
 .debug_str     0x000000000008a5fd      0x998 ./Drivers/STM32F4xx_HAL_Driver/Src/stm32f4xx_hal.o
                                      0x85a18 (size before relaxing)
 .debug_str     0x000000000008af95      0x348 ./Drivers/STM32F4xx_HAL_Driver/Src/stm32f4xx_hal_cortex.o
                                      0x85739 (size before relaxing)
 .debug_str     0x000000000008b2dd       0xfd ./Drivers/STM32F4xx_HAL_Driver/Src/stm32f4xx_hal_gpio.o
                                      0x85171 (size before relaxing)
 .debug_str     0x000000000008b3da      0x832 ./Drivers/STM32F4xx_HAL_Driver/Src/stm32f4xx_hal_pcd.o
                                      0x85aa6 (size before relaxing)
 .debug_str     0x000000000008bc0c      0x115 ./Drivers/STM32F4xx_HAL_Driver/Src/stm32f4xx_hal_pcd_ex.o
                                      0x85395 (size before relaxing)
 .debug_str     0x000000000008bd21      0x21f ./Drivers/STM32F4xx_HAL_Driver/Src/stm32f4xx_hal_rcc.o
                                      0x8542a (size before relaxing)
 .debug_str     0x000000000008bf40       0xf9 ./Drivers/STM32F4xx_HAL_Driver/Src/stm32f4xx_hal_rcc_ex.o
                                      0x85159 (size before relaxing)
 .debug_str     0x000000000008c039      0x339 ./Drivers/STM32F4xx_HAL_Driver/Src/stm32f4xx_hal_rtc.o
                                      0x8544e (size before relaxing)
 .debug_str     0x000000000008c372      0x59c ./Drivers/STM32F4xx_HAL_Driver/Src/stm32f4xx_hal_spi.o
                                      0x858a8 (size before relaxing)
 .debug_str     0x000000000008c90e      0x444 ./Drivers/STM32F4xx_HAL_Driver/Src/stm32f4xx_ll_usb.o
                                      0x8590e (size before relaxing)
 .debug_str     0x000000000008cd52      0xa2e ./Middlewares/ST/STM32_USB_Device_Library/Class/CDC/Src/usbd_cdc.o
                                      0x8a719 (size before relaxing)
 .debug_str     0x000000000008d780      0x35c ./Middlewares/ST/STM32_USB_Device_Library/Core/Src/usbd_core.o
                                      0x8a08f (size before relaxing)
 .debug_str     0x000000000008dadc      0x139 ./Middlewares/ST/STM32_USB_Device_Library/Core/Src/usbd_ctlreq.o
                                      0x89eba (size before relaxing)
 .debug_str     0x000000000008dc15       0x51 ./Middlewares/ST/STM32_USB_Device_Library/Core/Src/usbd_ioreq.o
                                      0x89d8f (size before relaxing)
 .debug_str     0x000000000008dc66      0x105 ./USB_DEVICE/App/usb_device.o
                                      0x8a142 (size before relaxing)
 .debug_str     0x000000000008dd6b       0x91 ./USB_DEVICE/App/usbd_cdc_if.o
                                      0x8a182 (size before relaxing)
 .debug_str     0x000000000008ddfc      0x26e ./USB_DEVICE/App/usbd_desc.o
                                      0x89c8f (size before relaxing)
 .debug_str     0x000000000008e06a       0x73 ./USB_DEVICE/Target/usbd_conf.o
                                      0x8ae17 (size before relaxing)

.comment        0x0000000000000000       0x50
 .comment       0x0000000000000000       0x50 ./Core/Src/main.o
                                         0x51 (size before relaxing)
 .comment       0x0000000000000050       0x51 ./Core/Src/stm32f4xx_hal_msp.o
 .comment       0x0000000000000050       0x51 ./Core/Src/stm32f4xx_it.o
 .comment       0x0000000000000050       0x51 ./Core/Src/system_stm32f4xx.o
 .comment       0x0000000000000050       0x51 ./Drivers/STM32F4xx_HAL_Driver/Src/stm32f4xx_hal.o
 .comment       0x0000000000000050       0x51 ./Drivers/STM32F4xx_HAL_Driver/Src/stm32f4xx_hal_cortex.o
 .comment       0x0000000000000050       0x51 ./Drivers/STM32F4xx_HAL_Driver/Src/stm32f4xx_hal_gpio.o
 .comment       0x0000000000000050       0x51 ./Drivers/STM32F4xx_HAL_Driver/Src/stm32f4xx_hal_pcd.o
 .comment       0x0000000000000050       0x51 ./Drivers/STM32F4xx_HAL_Driver/Src/stm32f4xx_hal_pcd_ex.o
 .comment       0x0000000000000050       0x51 ./Drivers/STM32F4xx_HAL_Driver/Src/stm32f4xx_hal_rcc.o
 .comment       0x0000000000000050       0x51 ./Drivers/STM32F4xx_HAL_Driver/Src/stm32f4xx_hal_rcc_ex.o
 .comment       0x0000000000000050       0x51 ./Drivers/STM32F4xx_HAL_Driver/Src/stm32f4xx_hal_rtc.o
 .comment       0x0000000000000050       0x51 ./Drivers/STM32F4xx_HAL_Driver/Src/stm32f4xx_hal_spi.o
 .comment       0x0000000000000050       0x51 ./Drivers/STM32F4xx_HAL_Driver/Src/stm32f4xx_ll_usb.o
 .comment       0x0000000000000050       0x51 ./Middlewares/ST/STM32_USB_Device_Library/Class/CDC/Src/usbd_cdc.o
 .comment       0x0000000000000050       0x51 ./Middlewares/ST/STM32_USB_Device_Library/Core/Src/usbd_core.o
 .comment       0x0000000000000050       0x51 ./Middlewares/ST/STM32_USB_Device_Library/Core/Src/usbd_ctlreq.o
 .comment       0x0000000000000050       0x51 ./Middlewares/ST/STM32_USB_Device_Library/Core/Src/usbd_ioreq.o
 .comment       0x0000000000000050       0x51 ./USB_DEVICE/App/usb_device.o
 .comment       0x0000000000000050       0x51 ./USB_DEVICE/App/usbd_cdc_if.o
 .comment       0x0000000000000050       0x51 ./USB_DEVICE/App/usbd_desc.o
 .comment       0x0000000000000050       0x51 ./USB_DEVICE/Target/usbd_conf.o

.debug_frame    0x0000000000000000     0x3a38
 .debug_frame   0x0000000000000000       0xc8 ./Core/Src/main.o
 .debug_frame   0x00000000000000c8       0xcc ./Core/Src/stm32f4xx_hal_msp.o
 .debug_frame   0x0000000000000194      0x120 ./Core/Src/stm32f4xx_it.o
 .debug_frame   0x00000000000002b4       0x58 ./Core/Src/system_stm32f4xx.o
 .debug_frame   0x000000000000030c      0x374 ./Drivers/STM32F4xx_HAL_Driver/Src/stm32f4xx_hal.o
 .debug_frame   0x0000000000000680      0x498 ./Drivers/STM32F4xx_HAL_Driver/Src/stm32f4xx_hal_cortex.o
 .debug_frame   0x0000000000000b18      0x14c ./Drivers/STM32F4xx_HAL_Driver/Src/stm32f4xx_hal_gpio.o
 .debug_frame   0x0000000000000c64      0x5bc ./Drivers/STM32F4xx_HAL_Driver/Src/stm32f4xx_hal_pcd.o
 .debug_frame   0x0000000000001220       0xb0 ./Drivers/STM32F4xx_HAL_Driver/Src/stm32f4xx_hal_pcd_ex.o
 .debug_frame   0x00000000000012d0      0x1f4 ./Drivers/STM32F4xx_HAL_Driver/Src/stm32f4xx_hal_rcc.o
 .debug_frame   0x00000000000014c4       0xf0 ./Drivers/STM32F4xx_HAL_Driver/Src/stm32f4xx_hal_rcc_ex.o
 .debug_frame   0x00000000000015b4      0x3f4 ./Drivers/STM32F4xx_HAL_Driver/Src/stm32f4xx_hal_rtc.o
 .debug_frame   0x00000000000019a8      0x824 ./Drivers/STM32F4xx_HAL_Driver/Src/stm32f4xx_hal_spi.o
 .debug_frame   0x00000000000021cc      0x7c0 ./Drivers/STM32F4xx_HAL_Driver/Src/stm32f4xx_ll_usb.o
 .debug_frame   0x000000000000298c      0x23c ./Middlewares/ST/STM32_USB_Device_Library/Class/CDC/Src/usbd_cdc.o
 .debug_frame   0x0000000000002bc8      0x390 ./Middlewares/ST/STM32_USB_Device_Library/Core/Src/usbd_core.o
 .debug_frame   0x0000000000002f58      0x23c ./Middlewares/ST/STM32_USB_Device_Library/Core/Src/usbd_ctlreq.o
 .debug_frame   0x0000000000003194      0x10c ./Middlewares/ST/STM32_USB_Device_Library/Core/Src/usbd_ioreq.o
 .debug_frame   0x00000000000032a0       0x2c ./USB_DEVICE/App/usb_device.o
 .debug_frame   0x00000000000032cc       0xe4 ./USB_DEVICE/App/usbd_cdc_if.o
 .debug_frame   0x00000000000033b0      0x160 ./USB_DEVICE/App/usbd_desc.o
 .debug_frame   0x0000000000003510      0x47c ./USB_DEVICE/Target/usbd_conf.o
 .debug_frame   0x000000000000398c       0x2c c:/st/stm32cubeide_1.9.0/stm32cubeide/plugins/com.st.stm32cube.ide.mcu.externaltools.gnu-tools-for-stm32.10.3-2021.10.win32_1.0.0.202111181127/tools/bin/../lib/gcc/arm-none-eabi/10.3.1/../../../../arm-none-eabi/lib/thumb/v7e-m+fp/hard\libc_nano.a(lib_a-init.o)
 .debug_frame   0x00000000000039b8       0x20 c:/st/stm32cubeide_1.9.0/stm32cubeide/plugins/com.st.stm32cube.ide.mcu.externaltools.gnu-tools-for-stm32.10.3-2021.10.win32_1.0.0.202111181127/tools/bin/../lib/gcc/arm-none-eabi/10.3.1/../../../../arm-none-eabi/lib/thumb/v7e-m+fp/hard\libc_nano.a(lib_a-memset.o)
 .debug_frame   0x00000000000039d8       0x2c c:/st/stm32cubeide_1.9.0/stm32cubeide/plugins/com.st.stm32cube.ide.mcu.externaltools.gnu-tools-for-stm32.10.3-2021.10.win32_1.0.0.202111181127/tools/bin/../lib/gcc/arm-none-eabi/10.3.1/thumb/v7e-m+fp/hard\libgcc.a(_aeabi_uldivmod.o)
 .debug_frame   0x0000000000003a04       0x34 c:/st/stm32cubeide_1.9.0/stm32cubeide/plugins/com.st.stm32cube.ide.mcu.externaltools.gnu-tools-for-stm32.10.3-2021.10.win32_1.0.0.202111181127/tools/bin/../lib/gcc/arm-none-eabi/10.3.1/thumb/v7e-m+fp/hard\libgcc.a(_udivmoddi4.o)